Archive member included to satisfy reference by file (symbol)

/home/budali11/arm-none-eabi-13.3.rel1/bin/../lib/gcc/arm-none-eabi/13.3.1/../../../../arm-none-eabi/lib/thumb/v7-m/nofp/libg.a(libc_a-exit.o)
                              /home/budali11/arm-none-eabi-13.3.rel1/bin/../lib/gcc/arm-none-eabi/13.3.1/../../../../arm-none-eabi/lib/thumb/v7-m/nofp/crt0.o (exit)
/home/budali11/arm-none-eabi-13.3.rel1/bin/../lib/gcc/arm-none-eabi/13.3.1/../../../../arm-none-eabi/lib/thumb/v7-m/nofp/libg.a(libc_a-findfp.o)
                              /home/budali11/arm-none-eabi-13.3.rel1/bin/../lib/gcc/arm-none-eabi/13.3.1/../../../../arm-none-eabi/lib/thumb/v7-m/nofp/libg.a(libc_a-exit.o) (__stdio_exit_handler)
/home/budali11/arm-none-eabi-13.3.rel1/bin/../lib/gcc/arm-none-eabi/13.3.1/../../../../arm-none-eabi/lib/thumb/v7-m/nofp/libg.a(libc_a-stdio.o)
                              /home/budali11/arm-none-eabi-13.3.rel1/bin/../lib/gcc/arm-none-eabi/13.3.1/../../../../arm-none-eabi/lib/thumb/v7-m/nofp/libg.a(libc_a-findfp.o) (__sread)
/home/budali11/arm-none-eabi-13.3.rel1/bin/../lib/gcc/arm-none-eabi/13.3.1/../../../../arm-none-eabi/lib/thumb/v7-m/nofp/libg.a(libc_a-mallocr.o)
                              /home/budali11/arm-none-eabi-13.3.rel1/bin/../lib/gcc/arm-none-eabi/13.3.1/../../../../arm-none-eabi/lib/thumb/v7-m/nofp/libg.a(libc_a-findfp.o) (_malloc_r)
/home/budali11/arm-none-eabi-13.3.rel1/bin/../lib/gcc/arm-none-eabi/13.3.1/../../../../arm-none-eabi/lib/thumb/v7-m/nofp/libg.a(libc_a-__call_atexit.o)
                              /home/budali11/arm-none-eabi-13.3.rel1/bin/../lib/gcc/arm-none-eabi/13.3.1/../../../../arm-none-eabi/lib/thumb/v7-m/nofp/libg.a(libc_a-exit.o) (__call_exitprocs)
/home/budali11/arm-none-eabi-13.3.rel1/bin/../lib/gcc/arm-none-eabi/13.3.1/../../../../arm-none-eabi/lib/thumb/v7-m/nofp/libg.a(libc_a-sbrkr.o)
                              /home/budali11/arm-none-eabi-13.3.rel1/bin/../lib/gcc/arm-none-eabi/13.3.1/../../../../arm-none-eabi/lib/thumb/v7-m/nofp/libg.a(libc_a-mallocr.o) (_sbrk_r)
/home/budali11/arm-none-eabi-13.3.rel1/bin/../lib/gcc/arm-none-eabi/13.3.1/../../../../arm-none-eabi/lib/thumb/v7-m/nofp/libg.a(libc_a-writer.o)
                              /home/budali11/arm-none-eabi-13.3.rel1/bin/../lib/gcc/arm-none-eabi/13.3.1/../../../../arm-none-eabi/lib/thumb/v7-m/nofp/libg.a(libc_a-stdio.o) (_write_r)
/home/budali11/arm-none-eabi-13.3.rel1/bin/../lib/gcc/arm-none-eabi/13.3.1/../../../../arm-none-eabi/lib/thumb/v7-m/nofp/libg.a(libc_a-fwalk.o)
                              /home/budali11/arm-none-eabi-13.3.rel1/bin/../lib/gcc/arm-none-eabi/13.3.1/../../../../arm-none-eabi/lib/thumb/v7-m/nofp/libg.a(libc_a-findfp.o) (_fwalk_sglue)
/home/budali11/arm-none-eabi-13.3.rel1/bin/../lib/gcc/arm-none-eabi/13.3.1/../../../../arm-none-eabi/lib/thumb/v7-m/nofp/libg.a(libc_a-mlock.o)
                              /home/budali11/arm-none-eabi-13.3.rel1/bin/../lib/gcc/arm-none-eabi/13.3.1/../../../../arm-none-eabi/lib/thumb/v7-m/nofp/libg.a(libc_a-mallocr.o) (__malloc_lock)
/home/budali11/arm-none-eabi-13.3.rel1/bin/../lib/gcc/arm-none-eabi/13.3.1/../../../../arm-none-eabi/lib/thumb/v7-m/nofp/libg.a(libc_a-atexit.o)
                              /home/budali11/arm-none-eabi-13.3.rel1/bin/../lib/gcc/arm-none-eabi/13.3.1/../../../../arm-none-eabi/lib/thumb/v7-m/nofp/libg.a(libc_a-__call_atexit.o) (atexit)
/home/budali11/arm-none-eabi-13.3.rel1/bin/../lib/gcc/arm-none-eabi/13.3.1/../../../../arm-none-eabi/lib/thumb/v7-m/nofp/libg.a(libc_a-memset.o)
                              /home/budali11/arm-none-eabi-13.3.rel1/bin/../lib/gcc/arm-none-eabi/13.3.1/../../../../arm-none-eabi/lib/thumb/v7-m/nofp/crt0.o (memset)
/home/budali11/arm-none-eabi-13.3.rel1/bin/../lib/gcc/arm-none-eabi/13.3.1/../../../../arm-none-eabi/lib/thumb/v7-m/nofp/libg.a(libc_a-init.o)
                              /home/budali11/arm-none-eabi-13.3.rel1/bin/../lib/gcc/arm-none-eabi/13.3.1/../../../../arm-none-eabi/lib/thumb/v7-m/nofp/crt0.o (__libc_init_array)
/home/budali11/arm-none-eabi-13.3.rel1/bin/../lib/gcc/arm-none-eabi/13.3.1/../../../../arm-none-eabi/lib/thumb/v7-m/nofp/libg.a(libc_a-fini.o)
                              /home/budali11/arm-none-eabi-13.3.rel1/bin/../lib/gcc/arm-none-eabi/13.3.1/../../../../arm-none-eabi/lib/thumb/v7-m/nofp/libg.a(libc_a-__call_atexit.o) (__libc_fini_array)
/home/budali11/arm-none-eabi-13.3.rel1/bin/../lib/gcc/arm-none-eabi/13.3.1/../../../../arm-none-eabi/lib/thumb/v7-m/nofp/libg.a(libc_a-lock.o)
                              /home/budali11/arm-none-eabi-13.3.rel1/bin/../lib/gcc/arm-none-eabi/13.3.1/../../../../arm-none-eabi/lib/thumb/v7-m/nofp/libg.a(libc_a-findfp.o) (__retarget_lock_init_recursive)
/home/budali11/arm-none-eabi-13.3.rel1/bin/../lib/gcc/arm-none-eabi/13.3.1/../../../../arm-none-eabi/lib/thumb/v7-m/nofp/libg.a(libc_a-sysconf.o)
[...]
Memory Configuration

Name             Origin             Length             Attributes
rom              0x00000000         0x00080000         xr
ram              0x20000000         0x00010000         xrw
hramc1           0x21000000         0x00000800         xrw
*default*        0x00000000         0xffffffff

Linker script and memory map

LOAD /home/budali11/arm-none-eabi-13.3.rel1/bin/../lib/gcc/arm-none-eabi/13.3.1/thumb/v7-m/nofp/crti.o
LOAD /home/budali11/arm-none-eabi-13.3.rel1/bin/../lib/gcc/arm-none-eabi/13.3.1/thumb/v7-m/nofp/crtbegin.o
LOAD /home/budali11/arm-none-eabi-13.3.rel1/bin/../lib/gcc/arm-none-eabi/13.3.1/../../../../arm-none-eabi/lib/thumb/v7-m/nofp/crt0.o
LOAD CMakeFiles/EmbeddedProject.elf.dir/src/main.c.o
LOAD CMakeFiles/EmbeddedProject.elf.dir/home/budali11/workbench/atmel/xdk-asf-3.52.0/sam/utils/cmsis/sam4l/source/templates/exceptions.c.o
LOAD CMakeFiles/EmbeddedProject.elf.dir/home/budali11/workbench/atmel/xdk-asf-3.52.0/sam/utils/cmsis/sam4l/source/templates/gcc/startup_sam4l.c.o
LOAD CMakeFiles/EmbeddedProject.elf.dir/home/budali11/workbench/atmel/xdk-asf-3.52.0/sam/utils/cmsis/sam4l/source/templates/system_sam4l.c.o
LOAD CMakeFiles/EmbeddedProject.elf.dir/home/budali11/workbench/atmel/xdk-asf-3.52.0/sam/boards/sam4l8_xplained_pro/init.c.o
LOAD CMakeFiles/EmbeddedProject.elf.dir/home/budali11/workbench/atmel/xdk-asf-3.52.0/sam/drivers/usart/usart.c.o
LOAD CMakeFiles/EmbeddedProject.elf.dir/home/budali11/workbench/atmel/xdk-asf-3.52.0/sam/drivers/flashcalw/flashcalw.c.o
LOAD CMakeFiles/EmbeddedProject.elf.dir/home/budali11/workbench/atmel/xdk-asf-3.52.0/sam/drivers/bpm/bpm.c.o
LOAD CMakeFiles/EmbeddedProject.elf.dir/home/budali11/workbench/atmel/xdk-asf-3.52.0/sam/drivers/wdt/wdt_sam4l.c.o
LOAD CMakeFiles/EmbeddedProject.elf.dir/home/budali11/workbench/atmel/xdk-asf-3.52.0/sam/utils/syscalls/gcc/syscalls.c.o
LOAD CMakeFiles/EmbeddedProject.elf.dir/home/budali11/workbench/atmel/xdk-asf-3.52.0/common/services/clock/sam4l/sysclk.c.o
LOAD CMakeFiles/EmbeddedProject.elf.dir/home/budali11/workbench/atmel/xdk-asf-3.52.0/common/services/clock/sam4l/dfll.c.o
LOAD CMakeFiles/EmbeddedProject.elf.dir/home/budali11/workbench/atmel/xdk-asf-3.52.0/common/services/clock/sam4l/osc.c.o
LOAD CMakeFiles/EmbeddedProject.elf.dir/home/budali11/workbench/atmel/xdk-asf-3.52.0/common/services/clock/sam4l/pll.c.o
LOAD CMakeFiles/EmbeddedProject.elf.dir/home/budali11/workbench/atmel/xdk-asf-3.52.0/common/utils/interrupt/interrupt_sam_nvic.c.o
LOAD CMakeFiles/EmbeddedProject.elf.dir/home/budali11/workbench/atmel/xdk-asf-3.52.0/common/utils/stdio/read.c.o
LOAD CMakeFiles/EmbeddedProject.elf.dir/home/budali11/workbench/atmel/xdk-asf-3.52.0/common/utils/stdio/write.c.o
START GROUP
LOAD /home/budali11/arm-none-eabi-13.3.rel1/bin/../lib/gcc/arm-none-eabi/13.3.1/thumb/v7-m/nofp/libgcc.a
LOAD /home/budali11/arm-none-eabi-13.3.rel1/bin/../lib/gcc/arm-none-eabi/13.3.1/../../../../arm-none-eabi/lib/thumb/v7-m/nofp/libg.a
LOAD /home/budali11/arm-none-eabi-13.3.rel1/bin/../lib/gcc/arm-none-eabi/13.3.1/../../../../arm-none-eabi/lib/thumb/v7-m/nofp/libc.a
END GROUP
LOAD /home/budali11/arm-none-eabi-13.3.rel1/bin/../lib/gcc/arm-none-eabi/13.3.1/thumb/v7-m/nofp/crtend.o
LOAD /home/budali11/arm-none-eabi-13.3.rel1/bin/../lib/gcc/arm-none-eabi/13.3.1/thumb/v7-m/nofp/crtn.o
                0x00004000                        STACK_SIZE = DEFINED (STACK_SIZE)?STACK_SIZE:DEFINED (__stack_size__)?__stack_size__:0x4000

.text           0x00000000     0x6ccc
                0x00000000                        . = ALIGN (0x4)
                0x00000000                        _sfixed = .
 *(.vectors .vectors.*)
 .vectors       0x00000000      0x180 CMakeFiles/EmbeddedProject.elf.dir/home/budali11/workbench/atmel/xdk-asf-3.52.0/sam/utils/cmsis/sam4l/source/templates/gcc/startup_sam4l.c.o
                0x00000000                exception_table
 *(.text .text.* .gnu.linkonce.t.*)
 .text          0x00000180        0x0 /home/budali11/arm-none-eabi-13.3.rel1/bin/../lib/gcc/arm-none-eabi/13.3.1/thumb/v7-m/nofp/crti.o
 .text          0x00000180        0x0 /home/budali11/arm-none-eabi-13.3.rel1/bin/../lib/gcc/arm-none-eabi/13.3.1/thumb/v7-m/nofp/crtbegin.o
 .text.deregister_tm_clones
                0x00000180       0x1c /home/budali11/arm-none-eabi-13.3.rel1/bin/../lib/gcc/arm-none-eabi/13.3.1/thumb/v7-m/nofp/crtbegin.o
 .text.register_tm_clones
                0x0000019c       0x24 /home/budali11/arm-none-eabi-13.3.rel1/bin/../lib/gcc/arm-none-eabi/13.3.1/thumb/v7-m/nofp/crtbegin.o
 .text.__do_global_dtors_aux
                0x000001c0       0x28 /home/budali11/arm-none-eabi-13.3.rel1/bin/../lib/gcc/arm-none-eabi/13.3.1/thumb/v7-m/nofp/crtbegin.o
 .text.frame_dummy
                0x000001e8       0x24 /home/budali11/arm-none-eabi-13.3.rel1/bin/../lib/gcc/arm-none-eabi/13.3.1/thumb/v7-m/nofp/crtbegin.o
 .text          0x0000020c       0x7c /home/budali11/arm-none-eabi-13.3.rel1/bin/../lib/gcc/arm-none-eabi/13.3.1/../../../../arm-none-eabi/lib/thumb/v7-m/nofp/crt0.o
                0x0000020c                _stack_init
                0x00000214                _mainCRTStartup
                0x00000214                _start
 .text          0x00000288      0x4d0 CMakeFiles/EmbeddedProject.elf.dir/src/main.c.o
                0x00000596                delay
                0x000005d4                main
                0x000006cc                USART0_Handler
 .text          0x00000758        0x6 CMakeFiles/EmbeddedProject.elf.dir/home/budali11/workbench/atmel/xdk-asf-3.52.0/sam/utils/cmsis/sam4l/source/templates/exceptions.c.o
                0x00000758                EIC_5_Handler
                0x00000758                DACC_Handler
                0x00000758                DebugMon_Handler
                0x00000758                TRNG_Handler
                0x00000758                HardFault_Handler
                0x00000758                SPI_Handler
                0x00000758                EIC_4_Handler
                0x00000758                GPIO_5_Handler
                0x00000758                SysTick_Handler
                0x00000758                PDCA_10_Handler
                0x00000758                USART3_Handler
                0x00000758                AST_PER_Handler
                0x00000758                AST_CLKREADY_Handler
                0x00000758                AST_OVF_Handler
                0x00000758                PDCA_5_Handler
                0x00000758                PendSV_Handler
                0x00000758                NMI_Handler
                0x00000758                GPIO_10_Handler
                0x00000758                SCIF_Handler
                0x00000758                GPIO_9_Handler
                0x00000758                GPIO_2_Handler
                0x00000758                PDCA_15_Handler
                0x00000758                CRCCU_Handler
                0x00000758                EIC_3_Handler
                0x00000758                GPIO_4_Handler
                0x00000758                TWIM3_Handler
                0x00000758                UsageFault_Handler
                0x00000758                PDCA_0_Handler
                0x00000758                TC12_Handler
                0x00000758                PDCA_14_Handler
                0x00000758                BPM_Handler
                0x00000758                PARC_Handler
                0x00000758                WDT_Handler
                0x00000758                EIC_8_Handler
                0x00000758                TWIS0_Handler
                0x00000758                PDCA_8_Handler
                0x00000758                GPIO_11_Handler
                0x00000758                TWIS1_Handler
                0x00000758                TWIM2_Handler
                0x00000758                AESA_Handler
                0x00000758                PDCA_13_Handler
                0x00000758                Dummy_Handler
                0x00000758                PDCA_3_Handler
                0x00000758                ABDACB_Handler
                0x00000758                CATB_Handler
                0x00000758                LCDCA_Handler
                0x00000758                USART1_Handler
                0x00000758                AST_READY_Handler
                0x00000758                PDCA_2_Handler
                0x00000758                GPIO_8_Handler
                0x00000758                AST_ALARM_Handler
                0x00000758                TWIM0_Handler
                0x00000758                PM_Handler
                0x00000758                GPIO_7_Handler
                0x00000758                TC11_Handler
                0x00000758                PDCA_1_Handler
                0x00000758                PDCA_11_Handler
                0x00000758                ACIFC_Handler
                0x00000758                TC00_Handler
                0x00000758                TC02_Handler
                0x00000758                PDCA_6_Handler
                0x00000758                MemManage_Handler
                0x00000758                SVC_Handler
                0x00000758                GPIO_0_Handler
                0x00000758                PDCA_12_Handler
                0x00000758                PDCA_9_Handler
                0x00000758                ADCIFE_Handler
                0x00000758                GPIO_6_Handler
                0x00000758                EIC_2_Handler
                0x00000758                PDCA_7_Handler
                0x00000758                PEVC_TR_Handler
                0x00000758                USART2_Handler
                0x00000758                EIC_6_Handler
                0x00000758                TC10_Handler
                0x00000758                TWIM1_Handler
                0x00000758                EIC_1_Handler
                0x00000758                EIC_7_Handler
                0x00000758                HFLASHC_Handler
                0x00000758                TC01_Handler
                0x00000758                BSCIF_Handler
                0x00000758                GPIO_1_Handler
                0x00000758                USBC_Handler
                0x00000758                IISC_Handler
                0x00000758                BusFault_Handler
                0x00000758                FREQM_Handler
                0x00000758                GPIO_3_Handler
                0x00000758                PDCA_4_Handler
                0x00000758                PEVC_OV_Handler
 *fill*         0x0000075e        0x2 
 .text          0x00000760       0x7c CMakeFiles/EmbeddedProject.elf.dir/home/budali11/workbench/atmel/xdk-asf-3.52.0/sam/utils/cmsis/sam4l/source/templates/gcc/startup_sam4l.c.o
                0x00000760                Reset_Handler
 .text          0x000007dc       0x38 CMakeFiles/EmbeddedProject.elf.dir/home/budali11/workbench/atmel/xdk-asf-3.52.0/sam/utils/cmsis/sam4l/source/templates/system_sam4l.c.o
                0x000007dc                SystemInit
                0x000007f8                SystemCoreClockUpdate
 .text          0x00000814      0x2f4 CMakeFiles/EmbeddedProject.elf.dir/home/budali11/workbench/atmel/xdk-asf-3.52.0/sam/boards/sam4l8_xplained_pro/init.c.o
                0x00000ab2                board_init
 .text          0x00000b08     0x106c CMakeFiles/EmbeddedProject.elf.dir/home/budali11/workbench/atmel/xdk-asf-3.52.0/sam/drivers/usart/usart.c.o
                0x00000b08                usart_set_async_baudrate
                0x00000c68                usart_reset
                0x00000cae                usart_init_rs232
                0x00000d28                usart_init_hw_handshaking
                0x00000d62                usart_init_modem
                0x00000dac                usart_init_sync_master
                0x00000e2c                usart_init_sync_slave
                0x00000e98                usart_init_rs485
                0x00000ed2                usart_init_irda
                0x00000f68                usart_init_iso7816
                0x00001074                usart_reset_iterations
                0x0000108e                usart_reset_nack
                0x000010a8                usart_is_rx_buf_full
                0x000010cc                usart_get_error_number
                0x000010e4                usart_init_spi_master
                0x000011ec                usart_init_spi_slave
                0x000012e0                usart_init_lin_master
                0x0000132c                usart_init_lin_slave
                0x00001378                usart_lin_abort_tx
                0x00001392                usart_lin_send_wakeup_signal
                0x000013ac                usart_lin_set_node_action
                0x000013d2                usart_lin_disable_parity
                0x000013f0                usart_lin_enable_parity
                0x0000140e                usart_lin_disable_checksum
                0x0000142c                usart_lin_enable_checksum
                0x0000144a                usart_lin_set_checksum_type
                0x00001472                usart_lin_set_data_len_mode
                0x0000149a                usart_lin_disable_frame_slot
                0x000014b8                usart_lin_enable_frame_slot
                0x000014d6                usart_lin_set_wakeup_signal_type
                0x000014fe                usart_lin_set_response_data_len
                0x00001528                usart_lin_disable_pdc_mode
                0x00001546                usart_lin_enable_pdc_mode
                0x00001564                usart_lin_set_tx_identifier
                0x0000158a                usart_lin_read_identifier
                0x000015a2                usart_lin_get_data_length
                0x000015e2                usart_enable_tx
                0x000015fa                usart_disable_tx
                0x00001612                usart_reset_tx
                0x0000162a                usart_set_tx_timeguard
                0x00001644                usart_enable_rx
                0x0000165c                usart_disable_rx
                0x00001674                usart_reset_rx
                0x0000168c                usart_set_rx_timeout
                0x000016a6                usart_enable_interrupt
                0x000016c0                usart_disable_interrupt
                0x000016da                usart_get_interrupt_mask
                0x000016f0                usart_get_status
                0x00001706                usart_reset_status
                0x00001720                usart_start_tx_break
                0x0000173a                usart_stop_tx_break
                0x00001754                usart_start_rx_timeout
                0x0000176e                usart_send_address
                0x000017ae                usart_restart_rx_timeout
                0x000017c8                usart_drive_DTR_pin_low
                0x000017e2                usart_drive_DTR_pin_high
                0x000017fc                usart_drive_RTS_pin_low
                0x00001816                usart_drive_RTS_pin_high
                0x00001830                usart_spi_force_chip_select
                0x0000184a                usart_spi_release_chip_select
                0x00001864                usart_is_tx_ready
                0x00001888                usart_is_tx_empty
                0x000018ac                usart_is_rx_ready
                0x000018d0                usart_write
                0x00001900                usart_putchar
                0x0000192e                usart_write_line
                0x0000195c                usart_read
                0x0000198e                usart_getchar
                0x000019be                usart_enable_writeprotect
                0x000019dc                usart_disable_writeprotect
                0x000019fc                usart_get_writeprotect_status
                0x00001a2a                usart_man_set_tx_pre_len
                0x00001a54                usart_man_set_tx_pre_pattern
                0x00001a7c                usart_man_set_tx_polarity
                0x00001aa4                usart_man_set_rx_pre_len
                0x00001ad0                usart_man_set_rx_pre_pattern
                0x00001af8                usart_man_set_rx_polarity
                0x00001b20                usart_man_enable_drift_compensation
                0x00001b3e                usart_man_disable_drift_compensation
                0x00001b5c                usart_get_version
 .text          0x00001b74     0x1318 CMakeFiles/EmbeddedProject.elf.dir/home/budali11/workbench/atmel/xdk-asf-3.52.0/sam/drivers/flashcalw/flashcalw.c.o
                0x00001b74                flashcalw_get_flash_size
                0x00001bf0                flashcalw_get_page_count
                0x00001c00                flashcalw_get_page_count_per_region
                0x00001c10                flashcalw_get_page_region
                0x00001c3a                flashcalw_get_region_first_page_number
                0x00001c56                flashcalw_get_wait_state
                0x00001c78                flashcalw_set_wait_state
                0x00001ca8                flashcalw_set_flash_waitstate_and_readmode
                0x00001d5c                flashcalw_is_ready_int_enabled
                0x00001d80                flashcalw_enable_ready_int
                0x00001da8                flashcalw_is_lock_error_int_enabled
                0x00001dcc                flashcalw_enable_lock_error_int
                0x00001df4                flashcalw_is_prog_error_int_enabled
                0x00001e18                flashcalw_enable_prog_error_int
                0x00001e40                flashcalw_is_ready
                0x00001e64                flashcalw_default_wait_until_ready
                0x00001e98                flashcalw_is_lock_error
                0x00001ebc                flashcalw_is_programming_error
                0x00001ee0                flashcalw_get_command
                0x00001ef8                flashcalw_get_page_number
                0x00001f10                flashcalw_issue_command
                0x00001f84                flashcalw_no_operation
                0x00001f96                flashcalw_erase_all
                0x00001fa8                flashcalw_is_security_bit_active
                0x00001fcc                flashcalw_set_security_bit
                0x00001fde                flashcalw_is_page_region_locked
                0x00002000                flashcalw_is_region_locked
                0x00002034                flashcalw_lock_page_region
                0x0000205c                flashcalw_lock_region
                0x00002084                flashcalw_lock_all_regions
                0x000020cc                flashcalw_read_gp_fuse_bit
                0x0000211e                flashcalw_read_gp_fuse_bitfield
                0x000021aa                flashcalw_read_gp_fuse_byte
                0x000021e8                flashcalw_read_all_gp_fuses
                0x00002234                flashcalw_erase_gp_fuse_bit
                0x0000226e                flashcalw_erase_gp_fuse_bitfield
                0x00002328                flashcalw_erase_gp_fuse_byte
                0x000023c0                flashcalw_erase_all_gp_fuses
                0x00002402                flashcalw_write_gp_fuse_bit
                0x00002430                flashcalw_write_gp_fuse_bitfield
                0x000024c0                flashcalw_write_gp_fuse_byte
                0x000024e8                flashcalw_write_all_gp_fuses
                0x00002548                flashcalw_set_gp_fuse_bit
                0x00002574                flashcalw_set_gp_fuse_bitfield
                0x00002604                flashcalw_set_gp_fuse_byte
                0x00002660                flashcalw_set_all_gp_fuses
                0x000026c8                flashcalw_clear_page_buffer
                0x000026da                flashcalw_is_page_erased
                0x000026fc                flashcalw_quick_page_read
                0x0000271a                flashcalw_erase_page
                0x00002764                flashcalw_erase_all_pages
                0x000027c8                flashcalw_write_page
                0x000027e0                flashcalw_quick_user_page_read
                0x000027f8                flashcalw_erase_user_page
                0x0000282a                flashcalw_write_user_page
                0x0000283c                flashcalw_memset8
                0x00002870                flashcalw_memset16
                0x000028a0                flashcalw_memset32
                0x000028ee                flashcalw_memset64
                0x00002c10                flashcalw_memcpy
                0x00002d44                flashcalw_picocache_enable
                0x00002d70                flashcalw_picocache_disable
                0x00002d9c                flashcalw_picocache_get_status
                0x00002db0                flashcalw_picocache_invalid_all
                0x00002dc8                flashcalw_picocache_invalid_line
                0x00002dfc                flashcalw_picocache_set_monitor_mode
                0x00002e18                flashcalw_picocache_enable_monitor
                0x00002e30                flashcalw_picocache_disable_monitor
                0x00002e48                flashcalw_picocache_reset_monitor
                0x00002e60                flashcalw_picocache_get_monitor_cnt
                0x00002e74                flashcalw_picocache_get_version
 .text          0x00002e8c      0x4ec CMakeFiles/EmbeddedProject.elf.dir/home/budali11/workbench/atmel/xdk-asf-3.52.0/sam/drivers/bpm/bpm.c.o
                0x00002f18                bpm_power_scaling_cpu_failsafe
                0x00002fb0                bpm_power_scaling_cpu
                0x00003008                bpm_enable_fast_wakeup
                0x00003038                bpm_disable_fast_wakeup
                0x00003068                bpm_set_clk32_source
                0x000030b0                bpm_get_backup_wakeup_cause
                0x000030c6                bpm_enable_wakeup_source
                0x000030e6                bpm_disable_wakeup_source
                0x00003108                bpm_enable_backup_pin
                0x00003128                bpm_disable_backup_pin
                0x0000314a                bpm_enable_io_retention
                0x00003168                bpm_disable_io_retention
                0x00003186                bpm_enable_interrupt
                0x000031a0                bpm_disable_interrupt
                0x000031ba                bpm_get_interrupt_mask
                0x000031d0                bpm_get_interrupt_status
                0x000031e6                bpm_clear_interrupt
                0x00003200                bpm_get_status
                0x00003216                bpm_get_version
                0x0000322e                bpm_sleep
 .text          0x00003378      0x374 CMakeFiles/EmbeddedProject.elf.dir/home/budali11/workbench/atmel/xdk-asf-3.52.0/sam/drivers/wdt/wdt_sam4l.c.o
                0x00003488                wdt_get_config_defaults
                0x000034ca                wdt_init
                0x000035c2                wdt_enable
                0x00003618                wdt_disable
                0x00003650                wdt_clear
                0x0000368c                wdt_reset_mcu
 .text          0x000036ec      0x100 CMakeFiles/EmbeddedProject.elf.dir/home/budali11/workbench/atmel/xdk-asf-3.52.0/sam/utils/syscalls/gcc/syscalls.c.o
                0x000036ec                _sbrk
                0x00003744                link
                0x0000375c                _close
                0x00003772                _fstat
                0x00003790                _isatty
                0x000037a4                _lseek
                0x000037bc                _exit
                0x000037c8                _kill
                0x000037dc                _getpid
 .text          0x000037ec     0x17c8 CMakeFiles/EmbeddedProject.elf.dir/home/budali11/workbench/atmel/xdk-asf-3.52.0/common/services/clock/sam4l/sysclk.c.o
                0x00003f8c                sysclk_priv_enable_module
                0x00003fec                sysclk_priv_disable_module
                0x0000404c                sysclk_enable_pba_module
                0x00004084                sysclk_disable_pba_module
                0x000040bc                sysclk_enable_pbb_module
                0x000040f4                sysclk_disable_pbb_module
                0x0000412c                sysclk_get_peripheral_bus_hz
                0x00004430                sysclk_enable_peripheral_clock
                0x00004902                sysclk_disable_peripheral_clock
                0x00004dc4                sysclk_set_prescalers
                0x00004eb4                sysclk_set_source
                0x00004ee4                sysclk_enable_usb
                0x00004f02                sysclk_disable_usb
                0x00004f10                sysclk_init
 .text          0x00004fb4      0x3d0 CMakeFiles/EmbeddedProject.elf.dir/home/budali11/workbench/atmel/xdk-asf-3.52.0/common/services/clock/sam4l/dfll.c.o
                0x000050b8                dfll_enable_open_loop
                0x00005194                dfll_disable_open_loop
                0x000051f8                dfll_enable_closed_loop
                0x000052dc                dfll_disable_closed_loop
                0x00005340                dfll_enable_config_defaults
 .text          0x00005384      0x354 CMakeFiles/EmbeddedProject.elf.dir/home/budali11/workbench/atmel/xdk-asf-3.52.0/common/services/clock/sam4l/osc.c.o
                0x00005410                osc_priv_enable_osc0
                0x00005444                osc_priv_disable_osc0
                0x00005480                osc_priv_enable_osc32
                0x000054b4                osc_priv_disable_osc32
                0x000054f8                osc_priv_enable_rc32k
                0x00005530                osc_priv_disable_rc32k
                0x0000556c                osc_priv_enable_rc1m
                0x000055a4                osc_priv_disable_rc1m
                0x000055e0                osc_priv_enable_rc80m
                0x00005618                osc_priv_disable_rc80m
                0x00005654                osc_priv_enable_rcfast
                0x00005694                osc_priv_disable_rcfast
 .text          0x000056d8      0x158 CMakeFiles/EmbeddedProject.elf.dir/home/budali11/workbench/atmel/xdk-asf-3.52.0/common/services/clock/sam4l/pll.c.o
                0x00005764                pll_config_write
                0x000057a8                pll_enable
                0x000057f0                pll_disable
 .text          0x00005830       0x9c CMakeFiles/EmbeddedProject.elf.dir/home/budali11/workbench/atmel/xdk-asf-3.52.0/common/utils/interrupt/interrupt_sam_nvic.c.o
                0x00005830                cpu_irq_enter_critical
                0x00005888                cpu_irq_leave_critical
 .text          0x000058cc       0x54 CMakeFiles/EmbeddedProject.elf.dir/home/budali11/workbench/atmel/xdk-asf-3.52.0/common/utils/stdio/read.c.o
                0x000058cc                _read
 .text          0x00005920       0x6c CMakeFiles/EmbeddedProject.elf.dir/home/budali11/workbench/atmel/xdk-asf-3.52.0/common/utils/stdio/write.c.o
                0x00005920                _write
 .text          0x0000598c        0x0 /home/budali11/arm-none-eabi-13.3.rel1/bin/../lib/gcc/arm-none-eabi/13.3.1/../../../../arm-none-eabi/lib/thumb/v7-m/nofp/libg.a(libc_a-exit.o)
 .text.exit     0x0000598c       0x1c /home/budali11/arm-none-eabi-13.3.rel1/bin/../lib/gcc/arm-none-eabi/13.3.1/../../../../arm-none-eabi/lib/thumb/v7-m/nofp/libg.a(libc_a-exit.o)
                0x0000598c                exit
 .text          0x000059a8        0x0 /home/budali11/arm-none-eabi-13.3.rel1/bin/../lib/gcc/arm-none-eabi/13.3.1/../../../../arm-none-eabi/lib/thumb/v7-m/nofp/libg.a(libc_a-findfp.o)
 .text.stdio_exit_handler
                0x000059a8       0x18 /home/budali11/arm-none-eabi-13.3.rel1/bin/../lib/gcc/arm-none-eabi/13.3.1/../../../../arm-none-eabi/lib/thumb/v7-m/nofp/libg.a(libc_a-findfp.o)
 .text.cleanup_stdio
                0x000059c0       0x40 /home/budali11/arm-none-eabi-13.3.rel1/bin/../lib/gcc/arm-none-eabi/13.3.1/../../../../arm-none-eabi/lib/thumb/v7-m/nofp/libg.a(libc_a-findfp.o)
 .text.__fp_lock
                0x00005a00       0x1c /home/budali11/arm-none-eabi-13.3.rel1/bin/../lib/gcc/arm-none-eabi/13.3.1/../../../../arm-none-eabi/lib/thumb/v7-m/nofp/libg.a(libc_a-findfp.o)
 .text.__fp_unlock
                0x00005a1c       0x1c /home/budali11/arm-none-eabi-13.3.rel1/bin/../lib/gcc/arm-none-eabi/13.3.1/../../../../arm-none-eabi/lib/thumb/v7-m/nofp/libg.a(libc_a-findfp.o)
 .text.global_stdio_init.part.0
                0x00005a38       0xf0 /home/budali11/arm-none-eabi-13.3.rel1/bin/../lib/gcc/arm-none-eabi/13.3.1/../../../../arm-none-eabi/lib/thumb/v7-m/nofp/libg.a(libc_a-findfp.o)
 .text.__sfp    0x00005b28       0xc0 /home/budali11/arm-none-eabi-13.3.rel1/bin/../lib/gcc/arm-none-eabi/13.3.1/../../../../arm-none-eabi/lib/thumb/v7-m/nofp/libg.a(libc_a-findfp.o)
                0x00005b28                __sfp
 .text.__sinit  0x00005be8       0x3c /home/budali11/arm-none-eabi-13.3.rel1/bin/../lib/gcc/arm-none-eabi/13.3.1/../../../../arm-none-eabi/lib/thumb/v7-m/nofp/libg.a(libc_a-findfp.o)
                0x00005be8                __sinit
 .text.__sfp_lock_acquire
                0x00005c24        0xc /home/budali11/arm-none-eabi-13.3.rel1/bin/../lib/gcc/arm-none-eabi/13.3.1/../../../../arm-none-eabi/lib/thumb/v7-m/nofp/libg.a(libc_a-findfp.o)
                0x00005c24                __sfp_lock_acquire
 .text.__sfp_lock_release
                0x00005c30        0xc /home/budali11/arm-none-eabi-13.3.rel1/bin/../lib/gcc/arm-none-eabi/13.3.1/../../../../arm-none-eabi/lib/thumb/v7-m/nofp/libg.a(libc_a-findfp.o)
                0x00005c30                __sfp_lock_release
 .text.__fp_lock_all
                0x00005c3c       0x24 /home/budali11/arm-none-eabi-13.3.rel1/bin/../lib/gcc/arm-none-eabi/13.3.1/../../../../arm-none-eabi/lib/thumb/v7-m/nofp/libg.a(libc_a-findfp.o)
                0x00005c3c                __fp_lock_all
 .text.__fp_unlock_all
                0x00005c60       0x24 /home/budali11/arm-none-eabi-13.3.rel1/bin/../lib/gcc/arm-none-eabi/13.3.1/../../../../arm-none-eabi/lib/thumb/v7-m/nofp/libg.a(libc_a-findfp.o)
                0x00005c60                __fp_unlock_all
 .text          0x00005c84        0x0 /home/budali11/arm-none-eabi-13.3.rel1/bin/../lib/gcc/arm-none-eabi/13.3.1/../../../../arm-none-eabi/lib/thumb/v7-m/nofp/libg.a(libc_a-stdio.o)
 .text.__sread  0x00005c84       0x24 /home/budali11/arm-none-eabi-13.3.rel1/bin/../lib/gcc/arm-none-eabi/13.3.1/../../../../arm-none-eabi/lib/thumb/v7-m/nofp/libg.a(libc_a-stdio.o)
                0x00005c84                __sread
 .text.__seofread
                0x00005ca8        0x4 /home/budali11/arm-none-eabi-13.3.rel1/bin/../lib/gcc/arm-none-eabi/13.3.1/../../../../arm-none-eabi/lib/thumb/v7-m/nofp/libg.a(libc_a-stdio.o)
                0x00005ca8                __seofread
 .text.__swrite
                0x00005cac       0x40 /home/budali11/arm-none-eabi-13.3.rel1/bin/../lib/gcc/arm-none-eabi/13.3.1/../../../../arm-none-eabi/lib/thumb/v7-m/nofp/libg.a(libc_a-stdio.o)
                0x00005cac                __swrite
 .text.__sseek  0x00005cec       0x24 /home/budali11/arm-none-eabi-13.3.rel1/bin/../lib/gcc/arm-none-eabi/13.3.1/../../../../arm-none-eabi/lib/thumb/v7-m/nofp/libg.a(libc_a-stdio.o)
                0x00005cec                __sseek
 .text.__sclose
                0x00005d10        0x8 /home/budali11/arm-none-eabi-13.3.rel1/bin/../lib/gcc/arm-none-eabi/13.3.1/../../../../arm-none-eabi/lib/thumb/v7-m/nofp/libg.a(libc_a-stdio.o)
                0x00005d10                __sclose
 .text          0x00005d18        0x0 /home/budali11/arm-none-eabi-13.3.rel1/bin/../lib/gcc/arm-none-eabi/13.3.1/../../../../arm-none-eabi/lib/thumb/v7-m/nofp/libg.a(libc_a-mallocr.o)
 .text._malloc_r
                0x00005d18      0x568 /home/budali11/arm-none-eabi-13.3.rel1/bin/../lib/gcc/arm-none-eabi/13.3.1/../../../../arm-none-eabi/lib/thumb/v7-m/nofp/libg.a(libc_a-mallocr.o)
                0x00005d18                _malloc_r
 .text          0x00006280        0x0 /home/budali11/arm-none-eabi-13.3.rel1/bin/../lib/gcc/arm-none-eabi/13.3.1/../../../../arm-none-eabi/lib/thumb/v7-m/nofp/libg.a(libc_a-__call_atexit.o)
 .text.startup.register_fini
                0x00006280       0x14 /home/budali11/arm-none-eabi-13.3.rel1/bin/../lib/gcc/arm-none-eabi/13.3.1/../../../../arm-none-eabi/lib/thumb/v7-m/nofp/libg.a(libc_a-__call_atexit.o)
 .text.__call_exitprocs
                0x00006294       0xc0 /home/budali11/arm-none-eabi-13.3.rel1/bin/../lib/gcc/arm-none-eabi/13.3.1/../../../../arm-none-eabi/lib/thumb/v7-m/nofp/libg.a(libc_a-__call_atexit.o)
                0x00006294                __call_exitprocs
 .text          0x00006354        0x0 /home/budali11/arm-none-eabi-13.3.rel1/bin/../lib/gcc/arm-none-eabi/13.3.1/../../../../arm-none-eabi/lib/thumb/v7-m/nofp/libg.a(libc_a-sbrkr.o)
 .text._sbrk_r  0x00006354       0x24 /home/budali11/arm-none-eabi-13.3.rel1/bin/../lib/gcc/arm-none-eabi/13.3.1/../../../../arm-none-eabi/lib/thumb/v7-m/nofp/libg.a(libc_a-sbrkr.o)
                0x00006354                _sbrk_r
 .text          0x00006378        0x0 /home/budali11/arm-none-eabi-13.3.rel1/bin/../lib/gcc/arm-none-eabi/13.3.1/../../../../arm-none-eabi/lib/thumb/v7-m/nofp/libg.a(libc_a-writer.o)
 .text._write_r
                0x00006378       0x2c /home/budali11/arm-none-eabi-13.3.rel1/bin/../lib/gcc/arm-none-eabi/13.3.1/../../../../arm-none-eabi/lib/thumb/v7-m/nofp/libg.a(libc_a-writer.o)
                0x00006378                _write_r
 .text          0x000063a4        0x0 /home/budali11/arm-none-eabi-13.3.rel1/bin/../lib/gcc/arm-none-eabi/13.3.1/../../../../arm-none-eabi/lib/thumb/v7-m/nofp/libg.a(libc_a-fwalk.o)
 .text._fwalk_sglue
                0x000063a4       0x44 /home/budali11/arm-none-eabi-13.3.rel1/bin/../lib/gcc/arm-none-eabi/13.3.1/../../../../arm-none-eabi/lib/thumb/v7-m/nofp/libg.a(libc_a-fwalk.o)
                0x000063a4                _fwalk_sglue
 .text          0x000063e8        0x0 /home/budali11/arm-none-eabi-13.3.rel1/bin/../lib/gcc/arm-none-eabi/13.3.1/../../../../arm-none-eabi/lib/thumb/v7-m/nofp/libg.a(libc_a-mlock.o)
 .text.__malloc_lock
                0x000063e8        0xc /home/budali11/arm-none-eabi-13.3.rel1/bin/../lib/gcc/arm-none-eabi/13.3.1/../../../../arm-none-eabi/lib/thumb/v7-m/nofp/libg.a(libc_a-mlock.o)
                0x000063e8                __malloc_lock
 .text.__malloc_unlock
                0x000063f4        0xc /home/budali11/arm-none-eabi-13.3.rel1/bin/../lib/gcc/arm-none-eabi/13.3.1/../../../../arm-none-eabi/lib/thumb/v7-m/nofp/libg.a(libc_a-mlock.o)
                0x000063f4                __malloc_unlock
 .text          0x00006400        0x0 /home/budali11/arm-none-eabi-13.3.rel1/bin/../lib/gcc/arm-none-eabi/13.3.1/../../../../arm-none-eabi/lib/thumb/v7-m/nofp/libg.a(libc_a-atexit.o)
 .text.atexit   0x00006400        0xc /home/budali11/arm-none-eabi-13.3.rel1/bin/../lib/gcc/arm-none-eabi/13.3.1/../../../../arm-none-eabi/lib/thumb/v7-m/nofp/libg.a(libc_a-atexit.o)
                0x00006400                atexit
 .text          0x0000640c        0x0 /home/budali11/arm-none-eabi-13.3.rel1/bin/../lib/gcc/arm-none-eabi/13.3.1/../../../../arm-none-eabi/lib/thumb/v7-m/nofp/libg.a(libc_a-memset.o)
 .text.memset   0x0000640c       0xa0 /home/budali11/arm-none-eabi-13.3.rel1/bin/../lib/gcc/arm-none-eabi/13.3.1/../../../../arm-none-eabi/lib/thumb/v7-m/nofp/libg.a(libc_a-memset.o)
                0x0000640c                memset
 .text          0x000064ac        0x0 /home/budali11/arm-none-eabi-13.3.rel1/bin/../lib/gcc/arm-none-eabi/13.3.1/../../../../arm-none-eabi/lib/thumb/v7-m/nofp/libg.a(libc_a-init.o)
 .text.__libc_init_array
                0x000064ac       0x50 /home/budali11/arm-none-eabi-13.3.rel1/bin/../lib/gcc/arm-none-eabi/13.3.1/../../../../arm-none-eabi/lib/thumb/v7-m/nofp/libg.a(libc_a-init.o)
                0x000064ac                __libc_init_array
 .text          0x000064fc        0x0 /home/budali11/arm-none-eabi-13.3.rel1/bin/../lib/gcc/arm-none-eabi/13.3.1/../../../../arm-none-eabi/lib/thumb/v7-m/nofp/libg.a(libc_a-fini.o)
 .text.__libc_fini_array
                0x000064fc       0x28 /home/budali11/arm-none-eabi-13.3.rel1/bin/../lib/gcc/arm-none-eabi/13.3.1/../../../../arm-none-eabi/lib/thumb/v7-m/nofp/libg.a(libc_a-fini.o)
                0x000064fc                __libc_fini_array
 .text          0x00006524        0x0 /home/budali11/arm-none-eabi-13.3.rel1/bin/../lib/gcc/arm-none-eabi/13.3.1/../../../../arm-none-eabi/lib/thumb/v7-m/nofp/libg.a(libc_a-lock.o)
 .text.__retarget_lock_init
                0x00006524        0x4 /home/budali11/arm-none-eabi-13.3.rel1/bin/../lib/gcc/arm-none-eabi/13.3.1/../../../../arm-none-eabi/lib/thumb/v7-m/nofp/libg.a(libc_a-lock.o)
                0x00006524                __retarget_lock_init
 .text.__retarget_lock_init_recursive
                0x00006528        0x4 /home/budali11/arm-none-eabi-13.3.rel1/bin/../lib/gcc/arm-none-eabi/13.3.1/../../../../arm-none-eabi/lib/thumb/v7-m/nofp/libg.a(libc_a-lock.o)
                0x00006528                __retarget_lock_init_recursive
 .text.__retarget_lock_close
                0x0000652c        0x4 /home/budali11/arm-none-eabi-13.3.rel1/bin/../lib/gcc/arm-none-eabi/13.3.1/../../../../arm-none-eabi/lib/thumb/v7-m/nofp/libg.a(libc_a-lock.o)
                0x0000652c                __retarget_lock_close
 .text.__retarget_lock_close_recursive
                0x00006530        0x4 /home/budali11/arm-none-eabi-13.3.rel1/bin/../lib/gcc/arm-none-eabi/13.3.1/../../../../arm-none-eabi/lib/thumb/v7-m/nofp/libg.a(libc_a-lock.o)
                0x00006530                __retarget_lock_close_recursive
 .text.__retarget_lock_acquire
                0x00006534        0x4 /home/budali11/arm-none-eabi-13.3.rel1/bin/../lib/gcc/arm-none-eabi/13.3.1/../../../../arm-none-eabi/lib/thumb/v7-m/nofp/libg.a(libc_a-lock.o)
                0x00006534                __retarget_lock_acquire
 .text.__retarget_lock_acquire_recursive
                0x00006538        0x4 /home/budali11/arm-none-eabi-13.3.rel1/bin/../lib/gcc/arm-none-eabi/13.3.1/../../../../arm-none-eabi/lib/thumb/v7-m/nofp/libg.a(libc_a-lock.o)
                0x00006538                __retarget_lock_acquire_recursive
 .text.__retarget_lock_try_acquire
                0x0000653c        0x4 /home/budali11/arm-none-eabi-13.3.rel1/bin/../lib/gcc/arm-none-eabi/13.3.1/../../../../arm-none-eabi/lib/thumb/v7-m/nofp/libg.a(libc_a-lock.o)
                0x0000653c                __retarget_lock_try_acquire
 .text.__retarget_lock_try_acquire_recursive
                0x00006540        0x4 /home/budali11/arm-none-eabi-13.3.rel1/bin/../lib/gcc/arm-none-eabi/13.3.1/../../../../arm-none-eabi/lib/thumb/v7-m/nofp/libg.a(libc_a-lock.o)
                0x00006540                __retarget_lock_try_acquire_recursive
 .text.__retarget_lock_release
                0x00006544        0x4 /home/budali11/arm-none-eabi-13.3.rel1/bin/../lib/gcc/arm-none-eabi/13.3.1/../../../../arm-none-eabi/lib/thumb/v7-m/nofp/libg.a(libc_a-lock.o)
                0x00006544                __retarget_lock_release
 .text.__retarget_lock_release_recursive
                0x00006548        0x4 /home/budali11/arm-none-eabi-13.3.rel1/bin/../lib/gcc/arm-none-eabi/13.3.1/../../../../arm-none-eabi/lib/thumb/v7-m/nofp/libg.a(libc_a-lock.o)
                0x00006548                __retarget_lock_release_recursive
 .text          0x0000654c        0x0 /home/budali11/arm-none-eabi-13.3.rel1/bin/../lib/gcc/arm-none-eabi/13.3.1/../../../../arm-none-eabi/lib/thumb/v7-m/nofp/libg.a(libc_a-sysconf.o)
 .text.sysconf  0x0000654c       0x1c /home/budali11/arm-none-eabi-13.3.rel1/bin/../lib/gcc/arm-none-eabi/13.3.1/../../../../arm-none-eabi/lib/thumb/v7-m/nofp/libg.a(libc_a-sysconf.o)
                0x0000654c                sysconf
 .text          0x00006568        0x0 /home/budali11/arm-none-eabi-13.3.rel1/bin/../lib/gcc/arm-none-eabi/13.3.1/../../../../arm-none-eabi/lib/thumb/v7-m/nofp/libg.a(libc_a-freer.o)
 .text._malloc_trim_r
                0x00006568       0xb8 /home/budali11/arm-none-eabi-13.3.rel1/bin/../lib/gcc/arm-none-eabi/13.3.1/../../../../arm-none-eabi/lib/thumb/v7-m/nofp/libg.a(libc_a-freer.o)
                0x00006568                _malloc_trim_r
 .text._free_r  0x00006620      0x1f8 /home/budali11/arm-none-eabi-13.3.rel1/bin/../lib/gcc/arm-none-eabi/13.3.1/../../../../arm-none-eabi/lib/thumb/v7-m/nofp/libg.a(libc_a-freer.o)
                0x00006620                _free_r
 .text          0x00006818        0x0 /home/budali11/arm-none-eabi-13.3.rel1/bin/../lib/gcc/arm-none-eabi/13.3.1/../../../../arm-none-eabi/lib/thumb/v7-m/nofp/libg.a(libc_a-closer.o)
 .text._close_r
                0x00006818       0x24 /home/budali11/arm-none-eabi-13.3.rel1/bin/../lib/gcc/arm-none-eabi/13.3.1/../../../../arm-none-eabi/lib/thumb/v7-m/nofp/libg.a(libc_a-closer.o)
                0x00006818                _close_r
 .text          0x0000683c        0x0 /home/budali11/arm-none-eabi-13.3.rel1/bin/../lib/gcc/arm-none-eabi/13.3.1/../../../../arm-none-eabi/lib/thumb/v7-m/nofp/libg.a(libc_a-reent.o)
 .text._reclaim_reent
                0x0000683c       0x6c /home/budali11/arm-none-eabi-13.3.rel1/bin/../lib/gcc/arm-none-eabi/13.3.1/../../../../arm-none-eabi/lib/thumb/v7-m/nofp/libg.a(libc_a-reent.o)
                0x0000683c                _reclaim_reent
 .text          0x000068a8        0x0 /home/budali11/arm-none-eabi-13.3.rel1/bin/../lib/gcc/arm-none-eabi/13.3.1/../../../../arm-none-eabi/lib/thumb/v7-m/nofp/libg.a(libc_a-fclose.o)
 .text._fclose_r
                0x000068a8       0xc0 /home/budali11/arm-none-eabi-13.3.rel1/bin/../lib/gcc/arm-none-eabi/13.3.1/../../../../arm-none-eabi/lib/thumb/v7-m/nofp/libg.a(libc_a-fclose.o)
                0x000068a8                _fclose_r
 .text.fclose   0x00006968       0x10 /home/budali11/arm-none-eabi-13.3.rel1/bin/../lib/gcc/arm-none-eabi/13.3.1/../../../../arm-none-eabi/lib/thumb/v7-m/nofp/libg.a(libc_a-fclose.o)
                0x00006968                fclose
 .text          0x00006978        0x0 /home/budali11/arm-none-eabi-13.3.rel1/bin/../lib/gcc/arm-none-eabi/13.3.1/../../../../arm-none-eabi/lib/thumb/v7-m/nofp/libg.a(libc_a-impure.o)
 .text          0x00006978        0x0 /home/budali11/arm-none-eabi-13.3.rel1/bin/../lib/gcc/arm-none-eabi/13.3.1/../../../../arm-none-eabi/lib/thumb/v7-m/nofp/libg.a(libc_a-fflush.o)
 .text.__sflush_r
                0x00006978      0x128 /home/budali11/arm-none-eabi-13.3.rel1/bin/../lib/gcc/arm-none-eabi/13.3.1/../../../../arm-none-eabi/lib/thumb/v7-m/nofp/libg.a(libc_a-fflush.o)
                0x00006978                __sflush_r
 .text._fflush_r
                0x00006aa0       0x54 /home/budali11/arm-none-eabi-13.3.rel1/bin/../lib/gcc/arm-none-eabi/13.3.1/../../../../arm-none-eabi/lib/thumb/v7-m/nofp/libg.a(libc_a-fflush.o)
                0x00006aa0                _fflush_r
 .text.fflush   0x00006af4       0x74 /home/budali11/arm-none-eabi-13.3.rel1/bin/../lib/gcc/arm-none-eabi/13.3.1/../../../../arm-none-eabi/lib/thumb/v7-m/nofp/libg.a(libc_a-fflush.o)
                0x00006af4                fflush
 .text          0x00006b68        0x0 /home/budali11/arm-none-eabi-13.3.rel1/bin/../lib/gcc/arm-none-eabi/13.3.1/../../../../arm-none-eabi/lib/thumb/v7-m/nofp/libg.a(libc_a-lseekr.o)
 .text._lseek_r
                0x00006b68       0x2c /home/budali11/arm-none-eabi-13.3.rel1/bin/../lib/gcc/arm-none-eabi/13.3.1/../../../../arm-none-eabi/lib/thumb/v7-m/nofp/libg.a(libc_a-lseekr.o)
                0x00006b68                _lseek_r
 .text          0x00006b94        0x0 /home/budali11/arm-none-eabi-13.3.rel1/bin/../lib/gcc/arm-none-eabi/13.3.1/../../../../arm-none-eabi/lib/thumb/v7-m/nofp/libg.a(libc_a-readr.o)
 .text._read_r  0x00006b94       0x2c /home/budali11/arm-none-eabi-13.3.rel1/bin/../lib/gcc/arm-none-eabi/13.3.1/../../../../arm-none-eabi/lib/thumb/v7-m/nofp/libg.a(libc_a-readr.o)
                0x00006b94                _read_r
 .text          0x00006bc0        0x0 /home/budali11/arm-none-eabi-13.3.rel1/bin/../lib/gcc/arm-none-eabi/13.3.1/../../../../arm-none-eabi/lib/thumb/v7-m/nofp/libg.a(libc_a-__atexit.o)
 .text.__register_exitproc
                0x00006bc0       0x80 /home/budali11/arm-none-eabi-13.3.rel1/bin/../lib/gcc/arm-none-eabi/13.3.1/../../../../arm-none-eabi/lib/thumb/v7-m/nofp/libg.a(libc_a-__atexit.o)
                0x00006bc0                __register_exitproc
 .text          0x00006c40        0x0 /home/budali11/arm-none-eabi-13.3.rel1/bin/../lib/gcc/arm-none-eabi/13.3.1/../../../../arm-none-eabi/lib/thumb/v7-m/nofp/libg.a(libc_a-errno.o)
 .text.__errno  0x00006c40        0xc /home/budali11/arm-none-eabi-13.3.rel1/bin/../lib/gcc/arm-none-eabi/13.3.1/../../../../arm-none-eabi/lib/thumb/v7-m/nofp/libg.a(libc_a-errno.o)
                0x00006c40                __errno
 .text          0x00006c4c        0x0 /home/budali11/arm-none-eabi-13.3.rel1/bin/../lib/gcc/arm-none-eabi/13.3.1/thumb/v7-m/nofp/crtend.o
 .text          0x00006c4c        0x0 /home/budali11/arm-none-eabi-13.3.rel1/bin/../lib/gcc/arm-none-eabi/13.3.1/thumb/v7-m/nofp/crtn.o
 *(.glue_7t)
 .glue_7t       0x00006c4c        0x0 linker stubs
 *(.glue_7)
 .glue_7        0x00006c4c        0x0 linker stubs
 *(.rodata .rodata* .gnu.linkonce.r.*)
 .rodata.all_implied_fbits
                0x00006c4c       0x24 /home/budali11/arm-none-eabi-13.3.rel1/bin/../lib/gcc/arm-none-eabi/13.3.1/thumb/v7-m/nofp/crtbegin.o
 .rodata        0x00006c70        0xb CMakeFiles/EmbeddedProject.elf.dir/src/main.c.o
 *fill*         0x00006c7b        0x1 
 .rodata.all_implied_fbits
                0x00006c7c       0x24 /home/budali11/arm-none-eabi-13.3.rel1/bin/../lib/gcc/arm-none-eabi/13.3.1/thumb/v7-m/nofp/crtend.o
 *(.ARM.extab* .gnu.linkonce.armextab.*)
 .ARM.extab     0x00006ca0        0x0 /home/budali11/arm-none-eabi-13.3.rel1/bin/../lib/gcc/arm-none-eabi/13.3.1/../../../../arm-none-eabi/lib/thumb/v7-m/nofp/crt0.o
                0x00006ca0                        . = ALIGN (0x4)
 *(.init)
 .init          0x00006ca0        0x4 /home/budali11/arm-none-eabi-13.3.rel1/bin/../lib/gcc/arm-none-eabi/13.3.1/thumb/v7-m/nofp/crti.o
                0x00006ca0                _init
 .init          0x00006ca4        0x8 /home/budali11/arm-none-eabi-13.3.rel1/bin/../lib/gcc/arm-none-eabi/13.3.1/thumb/v7-m/nofp/crtn.o
                0x00006cac                        . = ALIGN (0x4)
                0x00006cac                        __preinit_array_start = .
 *(.preinit_array)
                0x00006cac                        __preinit_array_end = .
                0x00006cac                        . = ALIGN (0x4)
                0x00006cac                        __init_array_start = .
 *(SORT_BY_NAME(.init_array.*))
 .init_array.00000
                0x00006cac        0x4 /home/budali11/arm-none-eabi-13.3.rel1/bin/../lib/gcc/arm-none-eabi/13.3.1/../../../../arm-none-eabi/lib/thumb/v7-m/nofp/libg.a(libc_a-__call_atexit.o)
 *(.init_array)
 .init_array    0x00006cb0        0x4 /home/budali11/arm-none-eabi-13.3.rel1/bin/../lib/gcc/arm-none-eabi/13.3.1/thumb/v7-m/nofp/crtbegin.o
                0x00006cb4                        __init_array_end = .
                0x00006cb4                        . = ALIGN (0x4)
 *crtbegin.o(.ctors)
 *(EXCLUDE_FILE(*crtend.o) .ctors)
 *(SORT_BY_NAME(.ctors.*))
 *crtend.o(.ctors)
                0x00006cb4                        . = ALIGN (0x4)
 *(.fini)
 .fini          0x00006cb4        0x4 /home/budali11/arm-none-eabi-13.3.rel1/bin/../lib/gcc/arm-none-eabi/13.3.1/thumb/v7-m/nofp/crti.o
                0x00006cb4                _fini
 .fini          0x00006cb8        0x8 /home/budali11/arm-none-eabi-13.3.rel1/bin/../lib/gcc/arm-none-eabi/13.3.1/thumb/v7-m/nofp/crtn.o
 .fini.__stub   0x00006cc0        0x8 linker stubs
                0x00006cc8                        . = ALIGN (0x4)
                0x00006cc8                        __fini_array_start = .
 *(.fini_array)
 .fini_array    0x00006cc8        0x4 /home/budali11/arm-none-eabi-13.3.rel1/bin/../lib/gcc/arm-none-eabi/13.3.1/thumb/v7-m/nofp/crtbegin.o
 *(SORT_BY_NAME(.fini_array.*))
                0x00006ccc                        __fini_array_end = .
 *crtbegin.o(.dtors)
 *(EXCLUDE_FILE(*crtend.o) .dtors)
 *(SORT_BY_NAME(.dtors.*))
 *crtend.o(.dtors)
                0x00006ccc                        . = ALIGN (0x4)
                0x00006ccc                        _efixed = .
                [!provide]                        PROVIDE (__exidx_start = .)

.vfp11_veneer   0x00006ccc        0x0
 .vfp11_veneer  0x00006ccc        0x0 linker stubs

.v4_bx          0x00006ccc        0x0
 .v4_bx         0x00006ccc        0x0 linker stubs

.iplt           0x00006ccc        0x0
 .iplt          0x00006ccc        0x0 /home/budali11/arm-none-eabi-13.3.rel1/bin/../lib/gcc/arm-none-eabi/13.3.1/thumb/v7-m/nofp/crtbegin.o

.ARM.exidx      0x00006ccc        0x8
 *(.ARM.exidx* .gnu.linkonce.armexidx.*)
 .ARM.exidx     0x00006ccc        0x8 /home/budali11/arm-none-eabi-13.3.rel1/bin/../lib/gcc/arm-none-eabi/13.3.1/../../../../arm-none-eabi/lib/thumb/v7-m/nofp/crt0.o
                                 0x10 (size before relaxing)
                [!provide]                        PROVIDE (__exidx_end = .)

.eh_frame       0x00006cd4        0x4
 .eh_frame      0x00006cd4        0x0 /home/budali11/arm-none-eabi-13.3.rel1/bin/../lib/gcc/arm-none-eabi/13.3.1/thumb/v7-m/nofp/crtbegin.o
 .eh_frame      0x00006cd4        0x4 /home/budali11/arm-none-eabi-13.3.rel1/bin/../lib/gcc/arm-none-eabi/13.3.1/thumb/v7-m/nofp/crtend.o

.rel.dyn        0x00006cd8        0x0
 .rel.iplt      0x00006cd8        0x0 /home/budali11/arm-none-eabi-13.3.rel1/bin/../lib/gcc/arm-none-eabi/13.3.1/thumb/v7-m/nofp/crtbegin.o

.tm_clone_table
                0x00006cd8        0x0
 .tm_clone_table
                0x00006cd8        0x0 /home/budali11/arm-none-eabi-13.3.rel1/bin/../lib/gcc/arm-none-eabi/13.3.1/thumb/v7-m/nofp/crtbegin.o
 .tm_clone_table
                0x00006cd8        0x0 /home/budali11/arm-none-eabi-13.3.rel1/bin/../lib/gcc/arm-none-eabi/13.3.1/thumb/v7-m/nofp/crtend.o

.igot.plt       0x00006cd8        0x0
 .igot.plt      0x00006cd8        0x0 /home/budali11/arm-none-eabi-13.3.rel1/bin/../lib/gcc/arm-none-eabi/13.3.1/thumb/v7-m/nofp/crtbegin.o
                0x00006cd8                        . = ALIGN (0x4)
                0x00006cd8                        _etext = .

.relocate       0x20000000      0x5f8 load address 0x00006cd8
                0x20000000                        . = ALIGN (0x4)
                0x20000000                        _srelocate = .
 *(.ramfunc .ramfunc.*)
 .ramfunc       0x20000000       0x74 CMakeFiles/EmbeddedProject.elf.dir/home/budali11/workbench/atmel/xdk-asf-3.52.0/sam/drivers/bpm/bpm.c.o
                0x20000000                bpm_ps_no_halt_exec
 *(.data .data.*)
 .data          0x20000074        0x0 /home/budali11/arm-none-eabi-13.3.rel1/bin/../lib/gcc/arm-none-eabi/13.3.1/thumb/v7-m/nofp/crti.o
 .data          0x20000074        0x0 /home/budali11/arm-none-eabi-13.3.rel1/bin/../lib/gcc/arm-none-eabi/13.3.1/thumb/v7-m/nofp/crtbegin.o
 .data.__dso_handle
                0x20000074        0x4 /home/budali11/arm-none-eabi-13.3.rel1/bin/../lib/gcc/arm-none-eabi/13.3.1/thumb/v7-m/nofp/crtbegin.o
                0x20000074                __dso_handle
 .data          0x20000078        0x0 /home/budali11/arm-none-eabi-13.3.rel1/bin/../lib/gcc/arm-none-eabi/13.3.1/../../../../arm-none-eabi/lib/thumb/v7-m/nofp/crt0.o
 .data          0x20000078       0x10 CMakeFiles/EmbeddedProject.elf.dir/src/main.c.o
                0x20000078                REB215_usart
                0x2000007c                REB215_io_rx
                0x20000080                REB215_io_tx
 .data          0x20000088        0x0 CMakeFiles/EmbeddedProject.elf.dir/home/budali11/workbench/atmel/xdk-asf-3.52.0/sam/utils/cmsis/sam4l/source/templates/exceptions.c.o
 .data          0x20000088        0x0 CMakeFiles/EmbeddedProject.elf.dir/home/budali11/workbench/atmel/xdk-asf-3.52.0/sam/utils/cmsis/sam4l/source/templates/gcc/startup_sam4l.c.o
 .data          0x20000088        0x4 CMakeFiles/EmbeddedProject.elf.dir/home/budali11/workbench/atmel/xdk-asf-3.52.0/sam/utils/cmsis/sam4l/source/templates/system_sam4l.c.o
                0x20000088                SystemCoreClock
 .data          0x2000008c        0x0 CMakeFiles/EmbeddedProject.elf.dir/home/budali11/workbench/atmel/xdk-asf-3.52.0/sam/boards/sam4l8_xplained_pro/init.c.o
 .data          0x2000008c        0x0 CMakeFiles/EmbeddedProject.elf.dir/home/budali11/workbench/atmel/xdk-asf-3.52.0/sam/drivers/usart/usart.c.o
 .data          0x2000008c        0x4 CMakeFiles/EmbeddedProject.elf.dir/home/budali11/workbench/atmel/xdk-asf-3.52.0/sam/drivers/flashcalw/flashcalw.c.o
                0x2000008c                flashcalw_wait_until_ready
 .data          0x20000090        0x0 CMakeFiles/EmbeddedProject.elf.dir/home/budali11/workbench/atmel/xdk-asf-3.52.0/sam/drivers/bpm/bpm.c.o
 .data          0x20000090        0x0 CMakeFiles/EmbeddedProject.elf.dir/home/budali11/workbench/atmel/xdk-asf-3.52.0/sam/drivers/wdt/wdt_sam4l.c.o
 .data          0x20000090        0x0 CMakeFiles/EmbeddedProject.elf.dir/home/budali11/workbench/atmel/xdk-asf-3.52.0/sam/utils/syscalls/gcc/syscalls.c.o
 .data          0x20000090        0x0 CMakeFiles/EmbeddedProject.elf.dir/home/budali11/workbench/atmel/xdk-asf-3.52.0/common/services/clock/sam4l/sysclk.c.o
 .data          0x20000090        0x0 CMakeFiles/EmbeddedProject.elf.dir/home/budali11/workbench/atmel/xdk-asf-3.52.0/common/services/clock/sam4l/dfll.c.o
 .data          0x20000090        0x0 CMakeFiles/EmbeddedProject.elf.dir/home/budali11/workbench/atmel/xdk-asf-3.52.0/common/services/clock/sam4l/osc.c.o
 .data          0x20000090        0x0 CMakeFiles/EmbeddedProject.elf.dir/home/budali11/workbench/atmel/xdk-asf-3.52.0/common/services/clock/sam4l/pll.c.o
 .data          0x20000090        0x1 CMakeFiles/EmbeddedProject.elf.dir/home/budali11/workbench/atmel/xdk-asf-3.52.0/common/utils/interrupt/interrupt_sam_nvic.c.o
                0x20000090                g_interrupt_enabled
 .data          0x20000091        0x0 CMakeFiles/EmbeddedProject.elf.dir/home/budali11/workbench/atmel/xdk-asf-3.52.0/common/utils/stdio/read.c.o
 .data          0x20000091        0x0 CMakeFiles/EmbeddedProject.elf.dir/home/budali11/workbench/atmel/xdk-asf-3.52.0/common/utils/stdio/write.c.o
 .data          0x20000091        0x0 /home/budali11/arm-none-eabi-13.3.rel1/bin/../lib/gcc/arm-none-eabi/13.3.1/../../../../arm-none-eabi/lib/thumb/v7-m/nofp/libg.a(libc_a-exit.o)
 .data          0x20000091        0x0 /home/budali11/arm-none-eabi-13.3.rel1/bin/../lib/gcc/arm-none-eabi/13.3.1/../../../../arm-none-eabi/lib/thumb/v7-m/nofp/libg.a(libc_a-findfp.o)
 *fill*         0x20000091        0x3 
 .data.__sglue  0x20000094        0xc /home/budali11/arm-none-eabi-13.3.rel1/bin/../lib/gcc/arm-none-eabi/13.3.1/../../../../arm-none-eabi/lib/thumb/v7-m/nofp/libg.a(libc_a-findfp.o)
                0x20000094                __sglue
 .data          0x200000a0        0x0 /home/budali11/arm-none-eabi-13.3.rel1/bin/../lib/gcc/arm-none-eabi/13.3.1/../../../../arm-none-eabi/lib/thumb/v7-m/nofp/libg.a(libc_a-stdio.o)
 .data          0x200000a0        0x0 /home/budali11/arm-none-eabi-13.3.rel1/bin/../lib/gcc/arm-none-eabi/13.3.1/../../../../arm-none-eabi/lib/thumb/v7-m/nofp/libg.a(libc_a-mallocr.o)
 .data.__malloc_sbrk_base
                0x200000a0        0x4 /home/budali11/arm-none-eabi-13.3.rel1/bin/../lib/gcc/arm-none-eabi/13.3.1/../../../../arm-none-eabi/lib/thumb/v7-m/nofp/libg.a(libc_a-mallocr.o)
                0x200000a0                __malloc_sbrk_base
 .data.__malloc_trim_threshold
                0x200000a4        0x4 /home/budali11/arm-none-eabi-13.3.rel1/bin/../lib/gcc/arm-none-eabi/13.3.1/../../../../arm-none-eabi/lib/thumb/v7-m/nofp/libg.a(libc_a-mallocr.o)
                0x200000a4                __malloc_trim_threshold
 .data.__malloc_av_
                0x200000a8      0x408 /home/budali11/arm-none-eabi-13.3.rel1/bin/../lib/gcc/arm-none-eabi/13.3.1/../../../../arm-none-eabi/lib/thumb/v7-m/nofp/libg.a(libc_a-mallocr.o)
                0x200000a8                __malloc_av_
 .data          0x200004b0        0x0 /home/budali11/arm-none-eabi-13.3.rel1/bin/../lib/gcc/arm-none-eabi/13.3.1/../../../../arm-none-eabi/lib/thumb/v7-m/nofp/libg.a(libc_a-__call_atexit.o)
 .data.__atexit_recursive_mutex
                0x200004b0        0x4 /home/budali11/arm-none-eabi-13.3.rel1/bin/../lib/gcc/arm-none-eabi/13.3.1/../../../../arm-none-eabi/lib/thumb/v7-m/nofp/libg.a(libc_a-__call_atexit.o)
                0x200004b0                __atexit_recursive_mutex
 .data          0x200004b4        0x0 /home/budali11/arm-none-eabi-13.3.rel1/bin/../lib/gcc/arm-none-eabi/13.3.1/../../../../arm-none-eabi/lib/thumb/v7-m/nofp/libg.a(libc_a-sbrkr.o)
 .data          0x200004b4        0x0 /home/budali11/arm-none-eabi-13.3.rel1/bin/../lib/gcc/arm-none-eabi/13.3.1/../../../../arm-none-eabi/lib/thumb/v7-m/nofp/libg.a(libc_a-writer.o)
 .data          0x200004b4        0x0 /home/budali11/arm-none-eabi-13.3.rel1/bin/../lib/gcc/arm-none-eabi/13.3.1/../../../../arm-none-eabi/lib/thumb/v7-m/nofp/libg.a(libc_a-fwalk.o)
 .data          0x200004b4        0x0 /home/budali11/arm-none-eabi-13.3.rel1/bin/../lib/gcc/arm-none-eabi/13.3.1/../../../../arm-none-eabi/lib/thumb/v7-m/nofp/libg.a(libc_a-mlock.o)
 .data          0x200004b4        0x0 /home/budali11/arm-none-eabi-13.3.rel1/bin/../lib/gcc/arm-none-eabi/13.3.1/../../../../arm-none-eabi/lib/thumb/v7-m/nofp/libg.a(libc_a-atexit.o)
 .data          0x200004b4        0x0 /home/budali11/arm-none-eabi-13.3.rel1/bin/../lib/gcc/arm-none-eabi/13.3.1/../../../../arm-none-eabi/lib/thumb/v7-m/nofp/libg.a(libc_a-memset.o)
 .data          0x200004b4        0x0 /home/budali11/arm-none-eabi-13.3.rel1/bin/../lib/gcc/arm-none-eabi/13.3.1/../../../../arm-none-eabi/lib/thumb/v7-m/nofp/libg.a(libc_a-init.o)
 .data          0x200004b4        0x0 /home/budali11/arm-none-eabi-13.3.rel1/bin/../lib/gcc/arm-none-eabi/13.3.1/../../../../arm-none-eabi/lib/thumb/v7-m/nofp/libg.a(libc_a-fini.o)
 .data          0x200004b4        0x0 /home/budali11/arm-none-eabi-13.3.rel1/bin/../lib/gcc/arm-none-eabi/13.3.1/../../../../arm-none-eabi/lib/thumb/v7-m/nofp/libg.a(libc_a-lock.o)
 .data          0x200004b4        0x0 /home/budali11/arm-none-eabi-13.3.rel1/bin/../lib/gcc/arm-none-eabi/13.3.1/../../../../arm-none-eabi/lib/thumb/v7-m/nofp/libg.a(libc_a-sysconf.o)
 .data          0x200004b4        0x0 /home/budali11/arm-none-eabi-13.3.rel1/bin/../lib/gcc/arm-none-eabi/13.3.1/../../../../arm-none-eabi/lib/thumb/v7-m/nofp/libg.a(libc_a-freer.o)
 .data          0x200004b4        0x0 /home/budali11/arm-none-eabi-13.3.rel1/bin/../lib/gcc/arm-none-eabi/13.3.1/../../../../arm-none-eabi/lib/thumb/v7-m/nofp/libg.a(libc_a-closer.o)
 .data          0x200004b4        0x0 /home/budali11/arm-none-eabi-13.3.rel1/bin/../lib/gcc/arm-none-eabi/13.3.1/../../../../arm-none-eabi/lib/thumb/v7-m/nofp/libg.a(libc_a-reent.o)
 .data          0x200004b4        0x0 /home/budali11/arm-none-eabi-13.3.rel1/bin/../lib/gcc/arm-none-eabi/13.3.1/../../../../arm-none-eabi/lib/thumb/v7-m/nofp/libg.a(libc_a-fclose.o)
 .data          0x200004b4        0x0 /home/budali11/arm-none-eabi-13.3.rel1/bin/../lib/gcc/arm-none-eabi/13.3.1/../../../../arm-none-eabi/lib/thumb/v7-m/nofp/libg.a(libc_a-impure.o)
 .data._impure_ptr
                0x200004b4        0x4 /home/budali11/arm-none-eabi-13.3.rel1/bin/../lib/gcc/arm-none-eabi/13.3.1/../../../../arm-none-eabi/lib/thumb/v7-m/nofp/libg.a(libc_a-impure.o)
                0x200004b4                _impure_ptr
 .data._impure_data
                0x200004b8      0x140 /home/budali11/arm-none-eabi-13.3.rel1/bin/../lib/gcc/arm-none-eabi/13.3.1/../../../../arm-none-eabi/lib/thumb/v7-m/nofp/libg.a(libc_a-impure.o)
                0x200004b8                _impure_data
 .data          0x200005f8        0x0 /home/budali11/arm-none-eabi-13.3.rel1/bin/../lib/gcc/arm-none-eabi/13.3.1/../../../../arm-none-eabi/lib/thumb/v7-m/nofp/libg.a(libc_a-fflush.o)
 .data          0x200005f8        0x0 /home/budali11/arm-none-eabi-13.3.rel1/bin/../lib/gcc/arm-none-eabi/13.3.1/../../../../arm-none-eabi/lib/thumb/v7-m/nofp/libg.a(libc_a-lseekr.o)
 .data          0x200005f8        0x0 /home/budali11/arm-none-eabi-13.3.rel1/bin/../lib/gcc/arm-none-eabi/13.3.1/../../../../arm-none-eabi/lib/thumb/v7-m/nofp/libg.a(libc_a-readr.o)
 .data          0x200005f8        0x0 /home/budali11/arm-none-eabi-13.3.rel1/bin/../lib/gcc/arm-none-eabi/13.3.1/../../../../arm-none-eabi/lib/thumb/v7-m/nofp/libg.a(libc_a-__atexit.o)
 .data          0x200005f8        0x0 /home/budali11/arm-none-eabi-13.3.rel1/bin/../lib/gcc/arm-none-eabi/13.3.1/../../../../arm-none-eabi/lib/thumb/v7-m/nofp/libg.a(libc_a-errno.o)
 .data          0x200005f8        0x0 /home/budali11/arm-none-eabi-13.3.rel1/bin/../lib/gcc/arm-none-eabi/13.3.1/thumb/v7-m/nofp/crtend.o
 .data          0x200005f8        0x0 /home/budali11/arm-none-eabi-13.3.rel1/bin/../lib/gcc/arm-none-eabi/13.3.1/thumb/v7-m/nofp/crtn.o
                0x200005f8                        . = ALIGN (0x4)
                0x200005f8                        _erelocate = .

.hramc1         0x21000000        0x0
                0x21000000                        . = ALIGN (0x8)
                0x21000000                        _shramc1 = .
 *(.hramc1 .hramc1.*)
                0x21000000                        . = ALIGN (0x8)
                0x21000000                        _ehramc1 = .

.bss            0x200005f8      0x3e8 load address 0x000072d0
                0x200005f8                        . = ALIGN (0x4)
                0x200005f8                        _sbss = .
                0x200005f8                        __bss_start__ = .
                0x200005f8                        _szero = .
 *(.bss .bss.*)
 .bss           0x200005f8        0x0 /home/budali11/arm-none-eabi-13.3.rel1/bin/../lib/gcc/arm-none-eabi/13.3.1/thumb/v7-m/nofp/crti.o
 .bss           0x200005f8        0x0 /home/budali11/arm-none-eabi-13.3.rel1/bin/../lib/gcc/arm-none-eabi/13.3.1/thumb/v7-m/nofp/crtbegin.o
 .bss.completed.1
                0x200005f8        0x1 /home/budali11/arm-none-eabi-13.3.rel1/bin/../lib/gcc/arm-none-eabi/13.3.1/thumb/v7-m/nofp/crtbegin.o
 *fill*         0x200005f9        0x3 
 .bss.object.0  0x200005fc       0x18 /home/budali11/arm-none-eabi-13.3.rel1/bin/../lib/gcc/arm-none-eabi/13.3.1/thumb/v7-m/nofp/crtbegin.o
 .bss           0x20000614        0x0 /home/budali11/arm-none-eabi-13.3.rel1/bin/../lib/gcc/arm-none-eabi/13.3.1/../../../../arm-none-eabi/lib/thumb/v7-m/nofp/crt0.o
 .bss           0x20000614       0x18 CMakeFiles/EmbeddedProject.elf.dir/src/main.c.o
 .bss           0x2000062c        0x0 CMakeFiles/EmbeddedProject.elf.dir/home/budali11/workbench/atmel/xdk-asf-3.52.0/sam/utils/cmsis/sam4l/source/templates/exceptions.c.o
 .bss           0x2000062c        0x0 CMakeFiles/EmbeddedProject.elf.dir/home/budali11/workbench/atmel/xdk-asf-3.52.0/sam/utils/cmsis/sam4l/source/templates/gcc/startup_sam4l.c.o
 .bss           0x2000062c        0x0 CMakeFiles/EmbeddedProject.elf.dir/home/budali11/workbench/atmel/xdk-asf-3.52.0/sam/utils/cmsis/sam4l/source/templates/system_sam4l.c.o
 .bss           0x2000062c        0x5 CMakeFiles/EmbeddedProject.elf.dir/home/budali11/workbench/atmel/xdk-asf-3.52.0/sam/boards/sam4l8_xplained_pro/init.c.o
 *fill*         0x20000631        0x3 
 .bss           0x20000634       0x20 CMakeFiles/EmbeddedProject.elf.dir/home/budali11/workbench/atmel/xdk-asf-3.52.0/sam/drivers/usart/usart.c.o
 .bss           0x20000654        0xc CMakeFiles/EmbeddedProject.elf.dir/home/budali11/workbench/atmel/xdk-asf-3.52.0/sam/drivers/flashcalw/flashcalw.c.o
 .bss           0x20000660        0x5 CMakeFiles/EmbeddedProject.elf.dir/home/budali11/workbench/atmel/xdk-asf-3.52.0/sam/drivers/bpm/bpm.c.o
 *fill*         0x20000665        0x3 
 .bss           0x20000668        0x5 CMakeFiles/EmbeddedProject.elf.dir/home/budali11/workbench/atmel/xdk-asf-3.52.0/sam/drivers/wdt/wdt_sam4l.c.o
 *fill*         0x2000066d        0x3 
 .bss           0x20000670        0x4 CMakeFiles/EmbeddedProject.elf.dir/home/budali11/workbench/atmel/xdk-asf-3.52.0/sam/utils/syscalls/gcc/syscalls.c.o
 .bss           0x20000674        0x5 CMakeFiles/EmbeddedProject.elf.dir/home/budali11/workbench/atmel/xdk-asf-3.52.0/common/services/clock/sam4l/sysclk.c.o
 *fill*         0x20000679        0x3 
 .bss           0x2000067c        0x6 CMakeFiles/EmbeddedProject.elf.dir/home/budali11/workbench/atmel/xdk-asf-3.52.0/common/services/clock/sam4l/dfll.c.o
 *fill*         0x20000682        0x2 
 .bss           0x20000684        0x5 CMakeFiles/EmbeddedProject.elf.dir/home/budali11/workbench/atmel/xdk-asf-3.52.0/common/services/clock/sam4l/osc.c.o
 *fill*         0x20000689        0x3 
 .bss           0x2000068c        0x5 CMakeFiles/EmbeddedProject.elf.dir/home/budali11/workbench/atmel/xdk-asf-3.52.0/common/services/clock/sam4l/pll.c.o
 *fill*         0x20000691        0x3 
 .bss           0x20000694        0x5 CMakeFiles/EmbeddedProject.elf.dir/home/budali11/workbench/atmel/xdk-asf-3.52.0/common/utils/interrupt/interrupt_sam_nvic.c.o
 *fill*         0x20000699        0x3 
 .bss           0x2000069c        0xc CMakeFiles/EmbeddedProject.elf.dir/home/budali11/workbench/atmel/xdk-asf-3.52.0/common/utils/stdio/read.c.o
                0x200006a4                ptr_get
 .bss           0x200006a8       0x10 CMakeFiles/EmbeddedProject.elf.dir/home/budali11/workbench/atmel/xdk-asf-3.52.0/common/utils/stdio/write.c.o
                0x200006b0                stdio_base
                0x200006b4                ptr_put
 .bss           0x200006b8        0x0 /home/budali11/arm-none-eabi-13.3.rel1/bin/../lib/gcc/arm-none-eabi/13.3.1/../../../../arm-none-eabi/lib/thumb/v7-m/nofp/libg.a(libc_a-exit.o)
 .bss           0x200006b8        0x0 /home/budali11/arm-none-eabi-13.3.rel1/bin/../lib/gcc/arm-none-eabi/13.3.1/../../../../arm-none-eabi/lib/thumb/v7-m/nofp/libg.a(libc_a-findfp.o)
 .bss.__sf      0x200006b8      0x138 /home/budali11/arm-none-eabi-13.3.rel1/bin/../lib/gcc/arm-none-eabi/13.3.1/../../../../arm-none-eabi/lib/thumb/v7-m/nofp/libg.a(libc_a-findfp.o)
                0x200006b8                __sf
 .bss.__stdio_exit_handler
                0x200007f0        0x4 /home/budali11/arm-none-eabi-13.3.rel1/bin/../lib/gcc/arm-none-eabi/13.3.1/../../../../arm-none-eabi/lib/thumb/v7-m/nofp/libg.a(libc_a-findfp.o)
                0x200007f0                __stdio_exit_handler
 .bss           0x200007f4        0x0 /home/budali11/arm-none-eabi-13.3.rel1/bin/../lib/gcc/arm-none-eabi/13.3.1/../../../../arm-none-eabi/lib/thumb/v7-m/nofp/libg.a(libc_a-stdio.o)
 .bss           0x200007f4        0x0 /home/budali11/arm-none-eabi-13.3.rel1/bin/../lib/gcc/arm-none-eabi/13.3.1/../../../../arm-none-eabi/lib/thumb/v7-m/nofp/libg.a(libc_a-mallocr.o)
 .bss.__malloc_current_mallinfo
                0x200007f4       0x28 /home/budali11/arm-none-eabi-13.3.rel1/bin/../lib/gcc/arm-none-eabi/13.3.1/../../../../arm-none-eabi/lib/thumb/v7-m/nofp/libg.a(libc_a-mallocr.o)
                0x200007f4                __malloc_current_mallinfo
 .bss.__malloc_max_total_mem
                0x2000081c        0x4 /home/budali11/arm-none-eabi-13.3.rel1/bin/../lib/gcc/arm-none-eabi/13.3.1/../../../../arm-none-eabi/lib/thumb/v7-m/nofp/libg.a(libc_a-mallocr.o)
                0x2000081c                __malloc_max_total_mem
 .bss.__malloc_max_sbrked_mem
                0x20000820        0x4 /home/budali11/arm-none-eabi-13.3.rel1/bin/../lib/gcc/arm-none-eabi/13.3.1/../../../../arm-none-eabi/lib/thumb/v7-m/nofp/libg.a(libc_a-mallocr.o)
                0x20000820                __malloc_max_sbrked_mem
 .bss.__malloc_top_pad
                0x20000824        0x4 /home/budali11/arm-none-eabi-13.3.rel1/bin/../lib/gcc/arm-none-eabi/13.3.1/../../../../arm-none-eabi/lib/thumb/v7-m/nofp/libg.a(libc_a-mallocr.o)
                0x20000824                __malloc_top_pad
 .bss           0x20000828        0x0 /home/budali11/arm-none-eabi-13.3.rel1/bin/../lib/gcc/arm-none-eabi/13.3.1/../../../../arm-none-eabi/lib/thumb/v7-m/nofp/libg.a(libc_a-__call_atexit.o)
 .bss.__atexit  0x20000828        0x4 /home/budali11/arm-none-eabi-13.3.rel1/bin/../lib/gcc/arm-none-eabi/13.3.1/../../../../arm-none-eabi/lib/thumb/v7-m/nofp/libg.a(libc_a-__call_atexit.o)
                0x20000828                __atexit
 .bss           0x2000082c        0x0 /home/budali11/arm-none-eabi-13.3.rel1/bin/../lib/gcc/arm-none-eabi/13.3.1/../../../../arm-none-eabi/lib/thumb/v7-m/nofp/libg.a(libc_a-sbrkr.o)
 .bss           0x2000082c        0x0 /home/budali11/arm-none-eabi-13.3.rel1/bin/../lib/gcc/arm-none-eabi/13.3.1/../../../../arm-none-eabi/lib/thumb/v7-m/nofp/libg.a(libc_a-writer.o)
 .bss           0x2000082c        0x0 /home/budali11/arm-none-eabi-13.3.rel1/bin/../lib/gcc/arm-none-eabi/13.3.1/../../../../arm-none-eabi/lib/thumb/v7-m/nofp/libg.a(libc_a-fwalk.o)
 .bss           0x2000082c        0x0 /home/budali11/arm-none-eabi-13.3.rel1/bin/../lib/gcc/arm-none-eabi/13.3.1/../../../../arm-none-eabi/lib/thumb/v7-m/nofp/libg.a(libc_a-mlock.o)
 .bss           0x2000082c        0x0 /home/budali11/arm-none-eabi-13.3.rel1/bin/../lib/gcc/arm-none-eabi/13.3.1/../../../../arm-none-eabi/lib/thumb/v7-m/nofp/libg.a(libc_a-atexit.o)
 .bss           0x2000082c        0x0 /home/budali11/arm-none-eabi-13.3.rel1/bin/../lib/gcc/arm-none-eabi/13.3.1/../../../../arm-none-eabi/lib/thumb/v7-m/nofp/libg.a(libc_a-memset.o)
 .bss           0x2000082c        0x0 /home/budali11/arm-none-eabi-13.3.rel1/bin/../lib/gcc/arm-none-eabi/13.3.1/../../../../arm-none-eabi/lib/thumb/v7-m/nofp/libg.a(libc_a-init.o)
 .bss           0x2000082c        0x0 /home/budali11/arm-none-eabi-13.3.rel1/bin/../lib/gcc/arm-none-eabi/13.3.1/../../../../arm-none-eabi/lib/thumb/v7-m/nofp/libg.a(libc_a-fini.o)
 .bss           0x2000082c        0x0 /home/budali11/arm-none-eabi-13.3.rel1/bin/../lib/gcc/arm-none-eabi/13.3.1/../../../../arm-none-eabi/lib/thumb/v7-m/nofp/libg.a(libc_a-lock.o)
 .bss.__lock___arc4random_mutex
                0x2000082c        0x1 /home/budali11/arm-none-eabi-13.3.rel1/bin/../lib/gcc/arm-none-eabi/13.3.1/../../../../arm-none-eabi/lib/thumb/v7-m/nofp/libg.a(libc_a-lock.o)
                0x2000082c                __lock___arc4random_mutex
 *fill*         0x2000082d        0x3 
 .bss.__lock___dd_hash_mutex
                0x20000830        0x1 /home/budali11/arm-none-eabi-13.3.rel1/bin/../lib/gcc/arm-none-eabi/13.3.1/../../../../arm-none-eabi/lib/thumb/v7-m/nofp/libg.a(libc_a-lock.o)
                0x20000830                __lock___dd_hash_mutex
 *fill*         0x20000831        0x3 
 .bss.__lock___tz_mutex
                0x20000834        0x1 /home/budali11/arm-none-eabi-13.3.rel1/bin/../lib/gcc/arm-none-eabi/13.3.1/../../../../arm-none-eabi/lib/thumb/v7-m/nofp/libg.a(libc_a-lock.o)
                0x20000834                __lock___tz_mutex
 *fill*         0x20000835        0x3 
 .bss.__lock___env_recursive_mutex
                0x20000838        0x1 /home/budali11/arm-none-eabi-13.3.rel1/bin/../lib/gcc/arm-none-eabi/13.3.1/../../../../arm-none-eabi/lib/thumb/v7-m/nofp/libg.a(libc_a-lock.o)
                0x20000838                __lock___env_recursive_mutex
 *fill*         0x20000839        0x3 
 .bss.__lock___malloc_recursive_mutex
                0x2000083c        0x1 /home/budali11/arm-none-eabi-13.3.rel1/bin/../lib/gcc/arm-none-eabi/13.3.1/../../../../arm-none-eabi/lib/thumb/v7-m/nofp/libg.a(libc_a-lock.o)
                0x2000083c                __lock___malloc_recursive_mutex
 *fill*         0x2000083d        0x3 
 .bss.__lock___at_quick_exit_mutex
                0x20000840        0x1 /home/budali11/arm-none-eabi-13.3.rel1/bin/../lib/gcc/arm-none-eabi/13.3.1/../../../../arm-none-eabi/lib/thumb/v7-m/nofp/libg.a(libc_a-lock.o)
                0x20000840                __lock___at_quick_exit_mutex
 *fill*         0x20000841        0x3 
 .bss.__lock___atexit_recursive_mutex
                0x20000844        0x1 /home/budali11/arm-none-eabi-13.3.rel1/bin/../lib/gcc/arm-none-eabi/13.3.1/../../../../arm-none-eabi/lib/thumb/v7-m/nofp/libg.a(libc_a-lock.o)
                0x20000844                __lock___atexit_recursive_mutex
 *fill*         0x20000845        0x3 
 .bss.__lock___sfp_recursive_mutex
                0x20000848        0x1 /home/budali11/arm-none-eabi-13.3.rel1/bin/../lib/gcc/arm-none-eabi/13.3.1/../../../../arm-none-eabi/lib/thumb/v7-m/nofp/libg.a(libc_a-lock.o)
                0x20000848                __lock___sfp_recursive_mutex
 .bss           0x20000849        0x0 /home/budali11/arm-none-eabi-13.3.rel1/bin/../lib/gcc/arm-none-eabi/13.3.1/../../../../arm-none-eabi/lib/thumb/v7-m/nofp/libg.a(libc_a-sysconf.o)
 .bss           0x20000849        0x0 /home/budali11/arm-none-eabi-13.3.rel1/bin/../lib/gcc/arm-none-eabi/13.3.1/../../../../arm-none-eabi/lib/thumb/v7-m/nofp/libg.a(libc_a-freer.o)
 .bss           0x20000849        0x0 /home/budali11/arm-none-eabi-13.3.rel1/bin/../lib/gcc/arm-none-eabi/13.3.1/../../../../arm-none-eabi/lib/thumb/v7-m/nofp/libg.a(libc_a-closer.o)
 .bss           0x20000849        0x0 /home/budali11/arm-none-eabi-13.3.rel1/bin/../lib/gcc/arm-none-eabi/13.3.1/../../../../arm-none-eabi/lib/thumb/v7-m/nofp/libg.a(libc_a-reent.o)
 *fill*         0x20000849        0x3 
 .bss.errno     0x2000084c        0x4 /home/budali11/arm-none-eabi-13.3.rel1/bin/../lib/gcc/arm-none-eabi/13.3.1/../../../../arm-none-eabi/lib/thumb/v7-m/nofp/libg.a(libc_a-reent.o)
                0x2000084c                errno
 .bss           0x20000850        0x0 /home/budali11/arm-none-eabi-13.3.rel1/bin/../lib/gcc/arm-none-eabi/13.3.1/../../../../arm-none-eabi/lib/thumb/v7-m/nofp/libg.a(libc_a-fclose.o)
 .bss           0x20000850        0x0 /home/budali11/arm-none-eabi-13.3.rel1/bin/../lib/gcc/arm-none-eabi/13.3.1/../../../../arm-none-eabi/lib/thumb/v7-m/nofp/libg.a(libc_a-impure.o)
 .bss           0x20000850        0x0 /home/budali11/arm-none-eabi-13.3.rel1/bin/../lib/gcc/arm-none-eabi/13.3.1/../../../../arm-none-eabi/lib/thumb/v7-m/nofp/libg.a(libc_a-fflush.o)
 .bss           0x20000850        0x0 /home/budali11/arm-none-eabi-13.3.rel1/bin/../lib/gcc/arm-none-eabi/13.3.1/../../../../arm-none-eabi/lib/thumb/v7-m/nofp/libg.a(libc_a-lseekr.o)
 .bss           0x20000850        0x0 /home/budali11/arm-none-eabi-13.3.rel1/bin/../lib/gcc/arm-none-eabi/13.3.1/../../../../arm-none-eabi/lib/thumb/v7-m/nofp/libg.a(libc_a-readr.o)
 .bss           0x20000850        0x0 /home/budali11/arm-none-eabi-13.3.rel1/bin/../lib/gcc/arm-none-eabi/13.3.1/../../../../arm-none-eabi/lib/thumb/v7-m/nofp/libg.a(libc_a-__atexit.o)
 .bss.__atexit0
                0x20000850      0x190 /home/budali11/arm-none-eabi-13.3.rel1/bin/../lib/gcc/arm-none-eabi/13.3.1/../../../../arm-none-eabi/lib/thumb/v7-m/nofp/libg.a(libc_a-__atexit.o)
                0x20000850                __atexit0
 .bss           0x200009e0        0x0 /home/budali11/arm-none-eabi-13.3.rel1/bin/../lib/gcc/arm-none-eabi/13.3.1/../../../../arm-none-eabi/lib/thumb/v7-m/nofp/libg.a(libc_a-errno.o)
 .bss           0x200009e0        0x0 /home/budali11/arm-none-eabi-13.3.rel1/bin/../lib/gcc/arm-none-eabi/13.3.1/thumb/v7-m/nofp/crtend.o
 .bss           0x200009e0        0x0 /home/budali11/arm-none-eabi-13.3.rel1/bin/../lib/gcc/arm-none-eabi/13.3.1/thumb/v7-m/nofp/crtn.o
 *(COMMON)
                0x200009e0                        . = ALIGN (0x4)
                0x200009e0                        _ebss = .
                0x200009e0                        __bss_end__ = .
                0x200009e0                        _ezero = .

.stack          0x200009e0     0x4000 load address 0x000076b8
                0x200009e0                        . = ALIGN (0x8)
                0x200009e0                        _sstack = .
                0x200049e0                        . = (. + STACK_SIZE)
 *fill*         0x200009e0     0x4000 
                0x200049e0                        . = ALIGN (0x8)
                0x200049e0                        _estack = .
                0x200049e0                        __ram_end__ = .
                0x200049e0                        . = ALIGN (0x4)
                0x200049e0                        _end = .
OUTPUT(EmbeddedProject.elf elf32-littlearm)
LOAD linker stubs

.ARM.attributes
                0x00000000       0x29
 .ARM.attributes
                0x00000000       0x1d /home/budali11/arm-none-eabi-13.3.rel1/bin/../lib/gcc/arm-none-eabi/13.3.1/thumb/v7-m/nofp/crti.o
 .ARM.attributes
                0x0000001d       0x2d /home/budali11/arm-none-eabi-13.3.rel1/bin/../lib/gcc/arm-none-eabi/13.3.1/thumb/v7-m/nofp/crtbegin.o
 .ARM.attributes
                0x0000004a       0x1b /home/budali11/arm-none-eabi-13.3.rel1/bin/../lib/gcc/arm-none-eabi/13.3.1/../../../../arm-none-eabi/lib/thumb/v7-m/nofp/crt0.o
 .ARM.attributes
                0x00000065       0x2d CMakeFiles/EmbeddedProject.elf.dir/src/main.c.o
 .ARM.attributes
                0x00000092       0x2d CMakeFiles/EmbeddedProject.elf.dir/home/budali11/workbench/atmel/xdk-asf-3.52.0/sam/utils/cmsis/sam4l/source/templates/exceptions.c.o
 .ARM.attributes
                0x000000bf       0x2d CMakeFiles/EmbeddedProject.elf.dir/home/budali11/workbench/atmel/xdk-asf-3.52.0/sam/utils/cmsis/sam4l/source/templates/gcc/startup_sam4l.c.o
 .ARM.attributes
                0x000000ec       0x2d CMakeFiles/EmbeddedProject.elf.dir/home/budali11/workbench/atmel/xdk-asf-3.52.0/sam/utils/cmsis/sam4l/source/templates/system_sam4l.c.o
 .ARM.attributes
                0x00000119       0x2d CMakeFiles/EmbeddedProject.elf.dir/home/budali11/workbench/atmel/xdk-asf-3.52.0/sam/boards/sam4l8_xplained_pro/init.c.o
 .ARM.attributes
                0x00000146       0x2d CMakeFiles/EmbeddedProject.elf.dir/home/budali11/workbench/atmel/xdk-asf-3.52.0/sam/drivers/usart/usart.c.o
 .ARM.attributes
                0x00000173       0x2d CMakeFiles/EmbeddedProject.elf.dir/home/budali11/workbench/atmel/xdk-asf-3.52.0/sam/drivers/flashcalw/flashcalw.c.o
 .ARM.attributes
                0x000001a0       0x2d CMakeFiles/EmbeddedProject.elf.dir/home/budali11/workbench/atmel/xdk-asf-3.52.0/sam/drivers/bpm/bpm.c.o
 .ARM.attributes
                0x000001cd       0x2d CMakeFiles/EmbeddedProject.elf.dir/home/budali11/workbench/atmel/xdk-asf-3.52.0/sam/drivers/wdt/wdt_sam4l.c.o
 .ARM.attributes
                0x000001fa       0x2d CMakeFiles/EmbeddedProject.elf.dir/home/budali11/workbench/atmel/xdk-asf-3.52.0/sam/utils/syscalls/gcc/syscalls.c.o
 .ARM.attributes
                0x00000227       0x2d CMakeFiles/EmbeddedProject.elf.dir/home/budali11/workbench/atmel/xdk-asf-3.52.0/common/services/clock/sam4l/sysclk.c.o
 .ARM.attributes
                0x00000254       0x2d CMakeFiles/EmbeddedProject.elf.dir/home/budali11/workbench/atmel/xdk-asf-3.52.0/common/services/clock/sam4l/dfll.c.o
 .ARM.attributes
                0x00000281       0x2d CMakeFiles/EmbeddedProject.elf.dir/home/budali11/workbench/atmel/xdk-asf-3.52.0/common/services/clock/sam4l/osc.c.o
 .ARM.attributes
                0x000002ae       0x2d CMakeFiles/EmbeddedProject.elf.dir/home/budali11/workbench/atmel/xdk-asf-3.52.0/common/services/clock/sam4l/pll.c.o
 .ARM.attributes
                0x000002db       0x2d CMakeFiles/EmbeddedProject.elf.dir/home/budali11/workbench/atmel/xdk-asf-3.52.0/common/utils/interrupt/interrupt_sam_nvic.c.o
 .ARM.attributes
                0x00000308       0x2d CMakeFiles/EmbeddedProject.elf.dir/home/budali11/workbench/atmel/xdk-asf-3.52.0/common/utils/stdio/read.c.o
 .ARM.attributes
                0x00000335       0x2d CMakeFiles/EmbeddedProject.elf.dir/home/budali11/workbench/atmel/xdk-asf-3.52.0/common/utils/stdio/write.c.o
 .ARM.attributes
                0x00000362       0x2d /home/budali11/arm-none-eabi-13.3.rel1/bin/../lib/gcc/arm-none-eabi/13.3.1/../../../../arm-none-eabi/lib/thumb/v7-m/nofp/libg.a(libc_a-exit.o)
 .ARM.attributes
                0x0000038f       0x2d /home/budali11/arm-none-eabi-13.3.rel1/bin/../lib/gcc/arm-none-eabi/13.3.1/../../../../arm-none-eabi/lib/thumb/v7-m/nofp/libg.a(libc_a-findfp.o)
 .ARM.attributes
                0x000003bc       0x2d /home/budali11/arm-none-eabi-13.3.rel1/bin/../lib/gcc/arm-none-eabi/13.3.1/../../../../arm-none-eabi/lib/thumb/v7-m/nofp/libg.a(libc_a-stdio.o)
 .ARM.attributes
                0x000003e9       0x2d /home/budali11/arm-none-eabi-13.3.rel1/bin/../lib/gcc/arm-none-eabi/13.3.1/../../../../arm-none-eabi/lib/thumb/v7-m/nofp/libg.a(libc_a-mallocr.o)
 .ARM.attributes
                0x00000416       0x2d /home/budali11/arm-none-eabi-13.3.rel1/bin/../lib/gcc/arm-none-eabi/13.3.1/../../../../arm-none-eabi/lib/thumb/v7-m/nofp/libg.a(libc_a-__call_atexit.o)
 .ARM.attributes
                0x00000443       0x2d /home/budali11/arm-none-eabi-13.3.rel1/bin/../lib/gcc/arm-none-eabi/13.3.1/../../../../arm-none-eabi/lib/thumb/v7-m/nofp/libg.a(libc_a-sbrkr.o)
 .ARM.attributes
                0x00000470       0x2d /home/budali11/arm-none-eabi-13.3.rel1/bin/../lib/gcc/arm-none-eabi/13.3.1/../../../../arm-none-eabi/lib/thumb/v7-m/nofp/libg.a(libc_a-writer.o)
 .ARM.attributes
                0x0000049d       0x2d /home/budali11/arm-none-eabi-13.3.rel1/bin/../lib/gcc/arm-none-eabi/13.3.1/../../../../arm-none-eabi/lib/thumb/v7-m/nofp/libg.a(libc_a-fwalk.o)
 .ARM.attributes
                0x000004ca       0x2d /home/budali11/arm-none-eabi-13.3.rel1/bin/../lib/gcc/arm-none-eabi/13.3.1/../../../../arm-none-eabi/lib/thumb/v7-m/nofp/libg.a(libc_a-mlock.o)
 .ARM.attributes
                0x000004f7       0x2d /home/budali11/arm-none-eabi-13.3.rel1/bin/../lib/gcc/arm-none-eabi/13.3.1/../../../../arm-none-eabi/lib/thumb/v7-m/nofp/libg.a(libc_a-atexit.o)
 .ARM.attributes
                0x00000524       0x2d /home/budali11/arm-none-eabi-13.3.rel1/bin/../lib/gcc/arm-none-eabi/13.3.1/../../../../arm-none-eabi/lib/thumb/v7-m/nofp/libg.a(libc_a-memset.o)
 .ARM.attributes
                0x00000551       0x2d /home/budali11/arm-none-eabi-13.3.rel1/bin/../lib/gcc/arm-none-eabi/13.3.1/../../../../arm-none-eabi/lib/thumb/v7-m/nofp/libg.a(libc_a-init.o)
 .ARM.attributes
                0x0000057e       0x2d /home/budali11/arm-none-eabi-13.3.rel1/bin/../lib/gcc/arm-none-eabi/13.3.1/../../../../arm-none-eabi/lib/thumb/v7-m/nofp/libg.a(libc_a-fini.o)
 .ARM.attributes
                0x000005ab       0x2d /home/budali11/arm-none-eabi-13.3.rel1/bin/../lib/gcc/arm-none-eabi/13.3.1/../../../../arm-none-eabi/lib/thumb/v7-m/nofp/libg.a(libc_a-lock.o)
 .ARM.attributes
                0x000005d8       0x2d /home/budali11/arm-none-eabi-13.3.rel1/bin/../lib/gcc/arm-none-eabi/13.3.1/../../../../arm-none-eabi/lib/thumb/v7-m/nofp/libg.a(libc_a-sysconf.o)
 .ARM.attributes
                0x00000605       0x2d /home/budali11/arm-none-eabi-13.3.rel1/bin/../lib/gcc/arm-none-eabi/13.3.1/../../../../arm-none-eabi/lib/thumb/v7-m/nofp/libg.a(libc_a-freer.o)
 .ARM.attributes
                0x00000632       0x2d /home/budali11/arm-none-eabi-13.3.rel1/bin/../lib/gcc/arm-none-eabi/13.3.1/../../../../arm-none-eabi/lib/thumb/v7-m/nofp/libg.a(libc_a-closer.o)
 .ARM.attributes
                0x0000065f       0x2d /home/budali11/arm-none-eabi-13.3.rel1/bin/../lib/gcc/arm-none-eabi/13.3.1/../../../../arm-none-eabi/lib/thumb/v7-m/nofp/libg.a(libc_a-reent.o)
 .ARM.attributes
                0x0000068c       0x2d /home/budali11/arm-none-eabi-13.3.rel1/bin/../lib/gcc/arm-none-eabi/13.3.1/../../../../arm-none-eabi/lib/thumb/v7-m/nofp/libg.a(libc_a-fclose.o)
 .ARM.attributes
                0x000006b9       0x2d /home/budali11/arm-none-eabi-13.3.rel1/bin/../lib/gcc/arm-none-eabi/13.3.1/../../../../arm-none-eabi/lib/thumb/v7-m/nofp/libg.a(libc_a-impure.o)
 .ARM.attributes
                0x000006e6       0x2d /home/budali11/arm-none-eabi-13.3.rel1/bin/../lib/gcc/arm-none-eabi/13.3.1/../../../../arm-none-eabi/lib/thumb/v7-m/nofp/libg.a(libc_a-fflush.o)
 .ARM.attributes
                0x00000713       0x2d /home/budali11/arm-none-eabi-13.3.rel1/bin/../lib/gcc/arm-none-eabi/13.3.1/../../../../arm-none-eabi/lib/thumb/v7-m/nofp/libg.a(libc_a-lseekr.o)
 .ARM.attributes
                0x00000740       0x2d /home/budali11/arm-none-eabi-13.3.rel1/bin/../lib/gcc/arm-none-eabi/13.3.1/../../../../arm-none-eabi/lib/thumb/v7-m/nofp/libg.a(libc_a-readr.o)
 .ARM.attributes
                0x0000076d       0x2d /home/budali11/arm-none-eabi-13.3.rel1/bin/../lib/gcc/arm-none-eabi/13.3.1/../../../../arm-none-eabi/lib/thumb/v7-m/nofp/libg.a(libc_a-__atexit.o)
 .ARM.attributes
                0x0000079a       0x2d /home/budali11/arm-none-eabi-13.3.rel1/bin/../lib/gcc/arm-none-eabi/13.3.1/../../../../arm-none-eabi/lib/thumb/v7-m/nofp/libg.a(libc_a-errno.o)
 .ARM.attributes
                0x000007c7       0x2d /home/budali11/arm-none-eabi-13.3.rel1/bin/../lib/gcc/arm-none-eabi/13.3.1/thumb/v7-m/nofp/crtend.o
 .ARM.attributes
                0x000007f4       0x1d /home/budali11/arm-none-eabi-13.3.rel1/bin/../lib/gcc/arm-none-eabi/13.3.1/thumb/v7-m/nofp/crtn.o

.comment        0x00000000       0x45
 .comment       0x00000000       0x45 CMakeFiles/EmbeddedProject.elf.dir/src/main.c.o
                                 0x46 (size before relaxing)
 .comment       0x00000045       0x46 CMakeFiles/EmbeddedProject.elf.dir/home/budali11/workbench/atmel/xdk-asf-3.52.0/sam/utils/cmsis/sam4l/source/templates/exceptions.c.o
 .comment       0x00000045       0x46 CMakeFiles/EmbeddedProject.elf.dir/home/budali11/workbench/atmel/xdk-asf-3.52.0/sam/utils/cmsis/sam4l/source/templates/gcc/startup_sam4l.c.o
 .comment       0x00000045       0x46 CMakeFiles/EmbeddedProject.elf.dir/home/budali11/workbench/atmel/xdk-asf-3.52.0/sam/utils/cmsis/sam4l/source/templates/system_sam4l.c.o
 .comment       0x00000045       0x46 CMakeFiles/EmbeddedProject.elf.dir/home/budali11/workbench/atmel/xdk-asf-3.52.0/sam/boards/sam4l8_xplained_pro/init.c.o
 .comment       0x00000045       0x46 CMakeFiles/EmbeddedProject.elf.dir/home/budali11/workbench/atmel/xdk-asf-3.52.0/sam/drivers/usart/usart.c.o
 .comment       0x00000045       0x46 CMakeFiles/EmbeddedProject.elf.dir/home/budali11/workbench/atmel/xdk-asf-3.52.0/sam/drivers/flashcalw/flashcalw.c.o
 .comment       0x00000045       0x46 CMakeFiles/EmbeddedProject.elf.dir/home/budali11/workbench/atmel/xdk-asf-3.52.0/sam/drivers/bpm/bpm.c.o
 .comment       0x00000045       0x46 CMakeFiles/EmbeddedProject.elf.dir/home/budali11/workbench/atmel/xdk-asf-3.52.0/sam/drivers/wdt/wdt_sam4l.c.o
 .comment       0x00000045       0x46 CMakeFiles/EmbeddedProject.elf.dir/home/budali11/workbench/atmel/xdk-asf-3.52.0/sam/utils/syscalls/gcc/syscalls.c.o
 .comment       0x00000045       0x46 CMakeFiles/EmbeddedProject.elf.dir/home/budali11/workbench/atmel/xdk-asf-3.52.0/common/services/clock/sam4l/sysclk.c.o
 .comment       0x00000045       0x46 CMakeFiles/EmbeddedProject.elf.dir/home/budali11/workbench/atmel/xdk-asf-3.52.0/common/services/clock/sam4l/dfll.c.o
 .comment       0x00000045       0x46 CMakeFiles/EmbeddedProject.elf.dir/home/budali11/workbench/atmel/xdk-asf-3.52.0/common/services/clock/sam4l/osc.c.o
 .comment       0x00000045       0x46 CMakeFiles/EmbeddedProject.elf.dir/home/budali11/workbench/atmel/xdk-asf-3.52.0/common/services/clock/sam4l/pll.c.o
 .comment       0x00000045       0x46 CMakeFiles/EmbeddedProject.elf.dir/home/budali11/workbench/atmel/xdk-asf-3.52.0/common/utils/interrupt/interrupt_sam_nvic.c.o
 .comment       0x00000045       0x46 CMakeFiles/EmbeddedProject.elf.dir/home/budali11/workbench/atmel/xdk-asf-3.52.0/common/utils/stdio/read.c.o
 .comment       0x00000045       0x46 CMakeFiles/EmbeddedProject.elf.dir/home/budali11/workbench/atmel/xdk-asf-3.52.0/common/utils/stdio/write.c.o

.debug_line_str
                0x00000000       0xcb
 .debug_line_str
                0x00000000       0xcb /home/budali11/arm-none-eabi-13.3.rel1/bin/../lib/gcc/arm-none-eabi/13.3.1/../../../../arm-none-eabi/lib/thumb/v7-m/nofp/crt0.o

.debug_info     0x00000000     0x9eb8
 .debug_info    0x00000000     0x15ab CMakeFiles/EmbeddedProject.elf.dir/src/main.c.o
 .debug_info    0x000015ab       0x7f CMakeFiles/EmbeddedProject.elf.dir/home/budali11/workbench/atmel/xdk-asf-3.52.0/sam/utils/cmsis/sam4l/source/templates/exceptions.c.o
 .debug_info    0x0000162a      0x56c CMakeFiles/EmbeddedProject.elf.dir/home/budali11/workbench/atmel/xdk-asf-3.52.0/sam/utils/cmsis/sam4l/source/templates/gcc/startup_sam4l.c.o
 .debug_info    0x00001b96       0xbe CMakeFiles/EmbeddedProject.elf.dir/home/budali11/workbench/atmel/xdk-asf-3.52.0/sam/utils/cmsis/sam4l/source/templates/system_sam4l.c.o
 .debug_info    0x00001c54      0xf38 CMakeFiles/EmbeddedProject.elf.dir/home/budali11/workbench/atmel/xdk-asf-3.52.0/sam/boards/sam4l8_xplained_pro/init.c.o
 .debug_info    0x00002b8c     0x14d2 CMakeFiles/EmbeddedProject.elf.dir/home/budali11/workbench/atmel/xdk-asf-3.52.0/sam/drivers/usart/usart.c.o
 .debug_info    0x0000405e     0x142f CMakeFiles/EmbeddedProject.elf.dir/home/budali11/workbench/atmel/xdk-asf-3.52.0/sam/drivers/flashcalw/flashcalw.c.o
 .debug_info    0x0000548d      0xce3 CMakeFiles/EmbeddedProject.elf.dir/home/budali11/workbench/atmel/xdk-asf-3.52.0/sam/drivers/bpm/bpm.c.o
 .debug_info    0x00006170      0x5a7 CMakeFiles/EmbeddedProject.elf.dir/home/budali11/workbench/atmel/xdk-asf-3.52.0/sam/drivers/wdt/wdt_sam4l.c.o
 .debug_info    0x00006717      0x466 CMakeFiles/EmbeddedProject.elf.dir/home/budali11/workbench/atmel/xdk-asf-3.52.0/sam/utils/syscalls/gcc/syscalls.c.o
 .debug_info    0x00006b7d     0x16e4 CMakeFiles/EmbeddedProject.elf.dir/home/budali11/workbench/atmel/xdk-asf-3.52.0/common/services/clock/sam4l/sysclk.c.o
 .debug_info    0x00008261      0x833 CMakeFiles/EmbeddedProject.elf.dir/home/budali11/workbench/atmel/xdk-asf-3.52.0/common/services/clock/sam4l/dfll.c.o
 .debug_info    0x00008a94      0x9d3 CMakeFiles/EmbeddedProject.elf.dir/home/budali11/workbench/atmel/xdk-asf-3.52.0/common/services/clock/sam4l/osc.c.o
 .debug_info    0x00009467      0x5cb CMakeFiles/EmbeddedProject.elf.dir/home/budali11/workbench/atmel/xdk-asf-3.52.0/common/services/clock/sam4l/pll.c.o
 .debug_info    0x00009a32      0x1a5 CMakeFiles/EmbeddedProject.elf.dir/home/budali11/workbench/atmel/xdk-asf-3.52.0/common/utils/interrupt/interrupt_sam_nvic.c.o
 .debug_info    0x00009bd7      0x16a CMakeFiles/EmbeddedProject.elf.dir/home/budali11/workbench/atmel/xdk-asf-3.52.0/common/utils/stdio/read.c.o
 .debug_info    0x00009d41      0x177 CMakeFiles/EmbeddedProject.elf.dir/home/budali11/workbench/atmel/xdk-asf-3.52.0/common/utils/stdio/write.c.o

.debug_abbrev   0x00000000     0x207b
 .debug_abbrev  0x00000000      0x348 CMakeFiles/EmbeddedProject.elf.dir/src/main.c.o
 .debug_abbrev  0x00000348       0x43 CMakeFiles/EmbeddedProject.elf.dir/home/budali11/workbench/atmel/xdk-asf-3.52.0/sam/utils/cmsis/sam4l/source/templates/exceptions.c.o
 .debug_abbrev  0x0000038b      0x141 CMakeFiles/EmbeddedProject.elf.dir/home/budali11/workbench/atmel/xdk-asf-3.52.0/sam/utils/cmsis/sam4l/source/templates/gcc/startup_sam4l.c.o
 .debug_abbrev  0x000004cc       0x74 CMakeFiles/EmbeddedProject.elf.dir/home/budali11/workbench/atmel/xdk-asf-3.52.0/sam/utils/cmsis/sam4l/source/templates/system_sam4l.c.o
 .debug_abbrev  0x00000540      0x310 CMakeFiles/EmbeddedProject.elf.dir/home/budali11/workbench/atmel/xdk-asf-3.52.0/sam/boards/sam4l8_xplained_pro/init.c.o
 .debug_abbrev  0x00000850      0x23c CMakeFiles/EmbeddedProject.elf.dir/home/budali11/workbench/atmel/xdk-asf-3.52.0/sam/drivers/usart/usart.c.o
 .debug_abbrev  0x00000a8c      0x360 CMakeFiles/EmbeddedProject.elf.dir/home/budali11/workbench/atmel/xdk-asf-3.52.0/sam/drivers/flashcalw/flashcalw.c.o
 .debug_abbrev  0x00000dec      0x252 CMakeFiles/EmbeddedProject.elf.dir/home/budali11/workbench/atmel/xdk-asf-3.52.0/sam/drivers/bpm/bpm.c.o
 .debug_abbrev  0x0000103e      0x242 CMakeFiles/EmbeddedProject.elf.dir/home/budali11/workbench/atmel/xdk-asf-3.52.0/sam/drivers/wdt/wdt_sam4l.c.o
 .debug_abbrev  0x00001280      0x151 CMakeFiles/EmbeddedProject.elf.dir/home/budali11/workbench/atmel/xdk-asf-3.52.0/sam/utils/syscalls/gcc/syscalls.c.o
 .debug_abbrev  0x000013d1      0x3f4 CMakeFiles/EmbeddedProject.elf.dir/home/budali11/workbench/atmel/xdk-asf-3.52.0/common/services/clock/sam4l/sysclk.c.o
 .debug_abbrev  0x000017c5      0x263 CMakeFiles/EmbeddedProject.elf.dir/home/budali11/workbench/atmel/xdk-asf-3.52.0/common/services/clock/sam4l/dfll.c.o
 .debug_abbrev  0x00001a28      0x1b7 CMakeFiles/EmbeddedProject.elf.dir/home/budali11/workbench/atmel/xdk-asf-3.52.0/common/services/clock/sam4l/osc.c.o
 .debug_abbrev  0x00001bdf      0x1f4 CMakeFiles/EmbeddedProject.elf.dir/home/budali11/workbench/atmel/xdk-asf-3.52.0/common/services/clock/sam4l/pll.c.o
 .debug_abbrev  0x00001dd3      0x109 CMakeFiles/EmbeddedProject.elf.dir/home/budali11/workbench/atmel/xdk-asf-3.52.0/common/utils/interrupt/interrupt_sam_nvic.c.o
 .debug_abbrev  0x00001edc       0xd4 CMakeFiles/EmbeddedProject.elf.dir/home/budali11/workbench/atmel/xdk-asf-3.52.0/common/utils/stdio/read.c.o
 .debug_abbrev  0x00001fb0       0xcb CMakeFiles/EmbeddedProject.elf.dir/home/budali11/workbench/atmel/xdk-asf-3.52.0/common/utils/stdio/write.c.o

.debug_aranges  0x00000000      0x228
 .debug_aranges
                0x00000000       0x20 CMakeFiles/EmbeddedProject.elf.dir/src/main.c.o
 .debug_aranges
                0x00000020       0x20 CMakeFiles/EmbeddedProject.elf.dir/home/budali11/workbench/atmel/xdk-asf-3.52.0/sam/utils/cmsis/sam4l/source/templates/exceptions.c.o
 .debug_aranges
                0x00000040       0x20 CMakeFiles/EmbeddedProject.elf.dir/home/budali11/workbench/atmel/xdk-asf-3.52.0/sam/utils/cmsis/sam4l/source/templates/gcc/startup_sam4l.c.o
 .debug_aranges